r3_1_f4xx_pwm_curr_fdbk.c:287:13:R3_1_GetPhaseCurrents	16	static
r3_1_f4xx_pwm_curr_fdbk.c:446:6:R3_1_HFCurrentsCalibrationAB	8	static
r3_1_f4xx_pwm_curr_fdbk.c:475:13:R3_1_HFCurrentsCalibrationC	4	static
r3_1_f4xx_pwm_curr_fdbk.c:501:13:R3_1_TurnOnLowSides	12	static
r3_1_f4xx_pwm_curr_fdbk.c:538:13:R3_1_SwitchOnPWM	16	static
r3_1_f4xx_pwm_curr_fdbk.c:591:13:R3_1_SwitchOffPWM	16	static
r3_1_f4xx_pwm_curr_fdbk.c:1057:6:R3_1_RLGetPhaseCurrents	8	static
r3_1_f4xx_pwm_curr_fdbk.c:1098:6:R3_1_RLTurnOnLowSides	8	static
r3_1_f4xx_pwm_curr_fdbk.c:1133:6:R3_1_RLSwitchOnPWM	16	static
r3_1_f4xx_pwm_curr_fdbk.c:118:13:R3_1_Init	8	static
r3_1_f4xx_pwm_curr_fdbk.c:186:13:R3_1_CurrentReadingCalibration	32	static
r3_1_f4xx_pwm_curr_fdbk.c:640:17:R3_1_WriteTIMRegisters	8	static
r3_1_f4xx_pwm_curr_fdbk.c:685:17:R3_1_SetADCSampPointCalibration	8	static
r3_1_f4xx_pwm_curr_fdbk.c:709:17:R3_1_SetADCSampPointSectX	16	static
r3_1_f4xx_pwm_curr_fdbk.c:781:14:R3_1_TIMx_UP_IRQHandler	12	static
r3_1_f4xx_pwm_curr_fdbk.c:815:14:R3_1_BRK_IRQHandler	16	static
r3_1_f4xx_pwm_curr_fdbk.c:837:17:R3_1_IsOverCurrentOccurred	0	static
r3_1_f4xx_pwm_curr_fdbk.c:857:6:R3_1_RLDetectionModeEnable	4	static
r3_1_f4xx_pwm_curr_fdbk.c:908:6:R3_1_RLDetectionModeDisable	12	static
r3_1_f4xx_pwm_curr_fdbk.c:1008:10:R3_1_RLDetectionModeSetDuty	4	static
r3_1_f4xx_pwm_curr_fdbk.c:1206:6:RLTurnOnLowSidesAndStart	8	static
r3_1_f4xx_pwm_curr_fdbk.c:1254:6:RLSetADCSampPoint	0	static
