Archive member included to satisfy reference by file (symbol)

../../MCSDK_v5.4.5/MotorControl/lib\libmc-gcc_M4_NoCCMRAM.lib(revup_ctrl.o)
                              ./Application/User/user_interface.o (RUC_SetPhaseDurationms)
c:/st/stm32cubeide_1.6.1/stm32cubeide/plugins/com.st.stm32cube.ide.mcu.externaltools.gnu-tools-for-stm32.9-2020-q2-update.win32_2.0.0.202105311346/tools/bin/../lib/gcc/arm-none-eabi/9.3.1/../../../../arm-none-eabi/lib/thumb/v7e-m+fp/hard\libc_nano.a(lib_a-errno.o)
                              ./Application/User/syscalls.o (__errno)
c:/st/stm32cubeide_1.6.1/stm32cubeide/plugins/com.st.stm32cube.ide.mcu.externaltools.gnu-tools-for-stm32.9-2020-q2-update.win32_2.0.0.202105311346/tools/bin/../lib/gcc/arm-none-eabi/9.3.1/../../../../arm-none-eabi/lib/thumb/v7e-m+fp/hard\libc_nano.a(lib_a-exit.o)
                              c:/st/stm32cubeide_1.6.1/stm32cubeide/plugins/com.st.stm32cube.ide.mcu.externaltools.gnu-tools-for-stm32.9-2020-q2-update.win32_2.0.0.202105311346/tools/bin/../lib/gcc/arm-none-eabi/9.3.1/../../../../arm-none-eabi/lib/thumb/v7e-m+fp/hard/crt0.o (exit)
c:/st/stm32cubeide_1.6.1/stm32cubeide/plugins/com.st.stm32cube.ide.mcu.externaltools.gnu-tools-for-stm32.9-2020-q2-update.win32_2.0.0.202105311346/tools/bin/../lib/gcc/arm-none-eabi/9.3.1/../../../../arm-none-eabi/lib/thumb/v7e-m+fp/hard\libc_nano.a(lib_a-impure.o)
                              c:/st/stm32cubeide_1.6.1/stm32cubeide/plugins/com.st.stm32cube.ide.mcu.externaltools.gnu-tools-for-stm32.9-2020-q2-update.win32_2.0.0.202105311346/tools/bin/../lib/gcc/arm-none-eabi/9.3.1/../../../../arm-none-eabi/lib/thumb/v7e-m+fp/hard\libc_nano.a(lib_a-exit.o) (_global_impure_ptr)
c:/st/stm32cubeide_1.6.1/stm32cubeide/plugins/com.st.stm32cube.ide.mcu.externaltools.gnu-tools-for-stm32.9-2020-q2-update.win32_2.0.0.202105311346/tools/bin/../lib/gcc/arm-none-eabi/9.3.1/../../../../arm-none-eabi/lib/thumb/v7e-m+fp/hard\libc_nano.a(lib_a-init.o)
                              c:/st/stm32cubeide_1.6.1/stm32cubeide/plugins/com.st.stm32cube.ide.mcu.externaltools.gnu-tools-for-stm32.9-2020-q2-update.win32_2.0.0.202105311346/tools/bin/../lib/gcc/arm-none-eabi/9.3.1/../../../../arm-none-eabi/lib/thumb/v7e-m+fp/hard/crt0.o (__libc_init_array)
c:/st/stm32cubeide_1.6.1/stm32cubeide/plugins/com.st.stm32cube.ide.mcu.externaltools.gnu-tools-for-stm32.9-2020-q2-update.win32_2.0.0.202105311346/tools/bin/../lib/gcc/arm-none-eabi/9.3.1/../../../../arm-none-eabi/lib/thumb/v7e-m+fp/hard\libc_nano.a(lib_a-memset.o)
                              c:/st/stm32cubeide_1.6.1/stm32cubeide/plugins/com.st.stm32cube.ide.mcu.externaltools.gnu-tools-for-stm32.9-2020-q2-update.win32_2.0.0.202105311346/tools/bin/../lib/gcc/arm-none-eabi/9.3.1/../../../../arm-none-eabi/lib/thumb/v7e-m+fp/hard/crt0.o (memset)
c:/st/stm32cubeide_1.6.1/stm32cubeide/plugins/com.st.stm32cube.ide.mcu.externaltools.gnu-tools-for-stm32.9-2020-q2-update.win32_2.0.0.202105311346/tools/bin/../lib/gcc/arm-none-eabi/9.3.1/thumb/v7e-m+fp/hard\libgcc.a(_aeabi_ldivmod.o)
                              ./Drivers/STM32F4xx_HAL_Driver/stm32f4xx_hal_rcc.o (__aeabi_ldivmod)
c:/st/stm32cubeide_1.6.1/stm32cubeide/plugins/com.st.stm32cube.ide.mcu.externaltools.gnu-tools-for-stm32.9-2020-q2-update.win32_2.0.0.202105311346/tools/bin/../lib/gcc/arm-none-eabi/9.3.1/thumb/v7e-m+fp/hard\libgcc.a(_aeabi_uldivmod.o)
                              ./Drivers/STM32F4xx_HAL_Driver/stm32f4xx_hal_rcc.o (__aeabi_uldivmod)
c:/st/stm32cubeide_1.6.1/stm32cubeide/plugins/com.st.stm32cube.ide.mcu.externaltools.gnu-tools-for-stm32.9-2020-q2-update.win32_2.0.0.202105311346/tools/bin/../lib/gcc/arm-none-eabi/9.3.1/thumb/v7e-m+fp/hard\libgcc.a(_udivmoddi4.o)
                              c:/st/stm32cubeide_1.6.1/stm32cubeide/plugins/com.st.stm32cube.ide.mcu.externaltools.gnu-tools-for-stm32.9-2020-q2-update.win32_2.0.0.202105311346/tools/bin/../lib/gcc/arm-none-eabi/9.3.1/thumb/v7e-m+fp/hard\libgcc.a(_aeabi_ldivmod.o) (__udivmoddi4)
c:/st/stm32cubeide_1.6.1/stm32cubeide/plugins/com.st.stm32cube.ide.mcu.externaltools.gnu-tools-for-stm32.9-2020-q2-update.win32_2.0.0.202105311346/tools/bin/../lib/gcc/arm-none-eabi/9.3.1/thumb/v7e-m+fp/hard\libgcc.a(_dvmd_tls.o)
                              c:/st/stm32cubeide_1.6.1/stm32cubeide/plugins/com.st.stm32cube.ide.mcu.externaltools.gnu-tools-for-stm32.9-2020-q2-update.win32_2.0.0.202105311346/tools/bin/../lib/gcc/arm-none-eabi/9.3.1/thumb/v7e-m+fp/hard\libgcc.a(_aeabi_ldivmod.o) (__aeabi_ldiv0)

Allocating common symbols
Common symbol       size              file

pOCPDisabling       0x4               ./Application/User/mc_tasks.o
pTemperatureSensor  0x4               ./Application/User/mc_tasks.o
pwmcHandle          0x4               ./Application/User/mc_tasks.o
pPIDSpeed           0x4               ./Application/User/mc_tasks.o
pPIDIq              0x4               ./Application/User/mc_tasks.o
oMCInterface        0x4               ./Application/User/mc_tasks.o
[...]
Memory Configuration

Name             Origin             Length             Attributes
RAM              0x0000000020000000 0x0000000000018000 xrw
FLASH            0x0000000008000000 0x0000000000080000 xr
*default*        0x0000000000000000 0xffffffffffffffff

Linker script and memory map

LOAD c:/st/stm32cubeide_1.6.1/stm32cubeide/plugins/com.st.stm32cube.ide.mcu.externaltools.gnu-tools-for-stm32.9-2020-q2-update.win32_2.0.0.202105311346/tools/bin/../lib/gcc/arm-none-eabi/9.3.1/thumb/v7e-m+fp/hard/crti.o
LOAD c:/st/stm32cubeide_1.6.1/stm32cubeide/plugins/com.st.stm32cube.ide.mcu.externaltools.gnu-tools-for-stm32.9-2020-q2-update.win32_2.0.0.202105311346/tools/bin/../lib/gcc/arm-none-eabi/9.3.1/thumb/v7e-m+fp/hard/crtbegin.o
LOAD c:/st/stm32cubeide_1.6.1/stm32cubeide/plugins/com.st.stm32cube.ide.mcu.externaltools.gnu-tools-for-stm32.9-2020-q2-update.win32_2.0.0.202105311346/tools/bin/../lib/gcc/arm-none-eabi/9.3.1/../../../../arm-none-eabi/lib/thumb/v7e-m+fp/hard/crt0.o
LOAD ./Application/Startup/startup_stm32f401retx.o
LOAD ./Application/User/main.o
LOAD ./Application/User/mc_api.o
LOAD ./Application/User/mc_config.o
LOAD ./Application/User/mc_interface.o
LOAD ./Application/User/mc_math.o
LOAD ./Application/User/mc_parameters.o
LOAD ./Application/User/mc_tasks.o
LOAD ./Application/User/motor_control_protocol.o
LOAD ./Application/User/motorcontrol.o
LOAD ./Application/User/regular_conversion_manager.o
LOAD ./Application/User/stm32f4xx_hal_msp.o
LOAD ./Application/User/stm32f4xx_it.o
LOAD ./Application/User/stm32f4xx_mc_it.o
LOAD ./Application/User/syscalls.o
LOAD ./Application/User/sysmem.o
LOAD ./Application/User/ui_task.o
LOAD ./Application/User/user_interface.o
LOAD ./Drivers/CMSIS/system_stm32f4xx.o
LOAD ./Drivers/STM32F4xx_HAL_Driver/stm32f4xx_hal.o
LOAD ./Drivers/STM32F4xx_HAL_Driver/stm32f4xx_hal_adc.o
LOAD ./Drivers/STM32F4xx_HAL_Driver/stm32f4xx_hal_adc_ex.o
LOAD ./Drivers/STM32F4xx_HAL_Driver/stm32f4xx_hal_cortex.o
LOAD ./Drivers/STM32F4xx_HAL_Driver/stm32f4xx_hal_dma.o
LOAD ./Drivers/STM32F4xx_HAL_Driver/stm32f4xx_hal_dma_ex.o
LOAD ./Drivers/STM32F4xx_HAL_Driver/stm32f4xx_hal_exti.o
LOAD ./Drivers/STM32F4xx_HAL_Driver/stm32f4xx_hal_flash.o
LOAD ./Drivers/STM32F4xx_HAL_Driver/stm32f4xx_hal_flash_ex.o
LOAD ./Drivers/STM32F4xx_HAL_Driver/stm32f4xx_hal_flash_ramfunc.o
LOAD ./Drivers/STM32F4xx_HAL_Driver/stm32f4xx_hal_gpio.o
LOAD ./Drivers/STM32F4xx_HAL_Driver/stm32f4xx_hal_pwr.o
LOAD ./Drivers/STM32F4xx_HAL_Driver/stm32f4xx_hal_pwr_ex.o
LOAD ./Drivers/STM32F4xx_HAL_Driver/stm32f4xx_hal_rcc.o
LOAD ./Drivers/STM32F4xx_HAL_Driver/stm32f4xx_hal_rcc_ex.o
LOAD ./Drivers/STM32F4xx_HAL_Driver/stm32f4xx_hal_tim.o
LOAD ./Drivers/STM32F4xx_HAL_Driver/stm32f4xx_hal_tim_ex.o
LOAD ./Drivers/STM32F4xx_HAL_Driver/stm32f4xx_hal_uart.o
LOAD ./Middlewares/MotorControl/bus_voltage_sensor.o
LOAD ./Middlewares/MotorControl/circle_limitation.o
LOAD ./Middlewares/MotorControl/digital_output.o
LOAD ./Middlewares/MotorControl/frame_communication_protocol.o
LOAD ./Middlewares/MotorControl/hall_speed_pos_fdbk.o
LOAD ./Middlewares/MotorControl/motor_power_measurement.o
LOAD ./Middlewares/MotorControl/ntc_temperature_sensor.o
LOAD ./Middlewares/MotorControl/open_loop.o
LOAD ./Middlewares/MotorControl/pid_regulator.o
LOAD ./Middlewares/MotorControl/pqd_motor_power_measurement.o
LOAD ./Middlewares/MotorControl/pwm_common.o
LOAD ./Middlewares/MotorControl/pwm_curr_fdbk.o
LOAD ./Middlewares/MotorControl/r3_1_f4xx_pwm_curr_fdbk.o
LOAD ./Middlewares/MotorControl/r_divider_bus_voltage_sensor.o
LOAD ./Middlewares/MotorControl/ramp_ext_mngr.o
LOAD ./Middlewares/MotorControl/speed_pos_fdbk.o
LOAD ./Middlewares/MotorControl/speed_torq_ctrl.o
LOAD ./Middlewares/MotorControl/state_machine.o
LOAD ./Middlewares/MotorControl/ui_irq_handler.o
LOAD ./Middlewares/MotorControl/usart_frame_communication_protocol.o
LOAD ./Middlewares/MotorControl/virtual_speed_sensor.o
LOAD ../../MCSDK_v5.4.5/MotorControl/lib\libmc-gcc_M4_NoCCMRAM.lib
START GROUP
LOAD c:/st/stm32cubeide_1.6.1/stm32cubeide/plugins/com.st.stm32cube.ide.mcu.externaltools.gnu-tools-for-stm32.9-2020-q2-update.win32_2.0.0.202105311346/tools/bin/../lib/gcc/arm-none-eabi/9.3.1/../../../../arm-none-eabi/lib/thumb/v7e-m+fp/hard\libc_nano.a
LOAD c:/st/stm32cubeide_1.6.1/stm32cubeide/plugins/com.st.stm32cube.ide.mcu.externaltools.gnu-tools-for-stm32.9-2020-q2-update.win32_2.0.0.202105311346/tools/bin/../lib/gcc/arm-none-eabi/9.3.1/../../../../arm-none-eabi/lib/thumb/v7e-m+fp/hard\libm.a
END GROUP
START GROUP
LOAD c:/st/stm32cubeide_1.6.1/stm32cubeide/plugins/com.st.stm32cube.ide.mcu.externaltools.gnu-tools-for-stm32.9-2020-q2-update.win32_2.0.0.202105311346/tools/bin/../lib/gcc/arm-none-eabi/9.3.1/thumb/v7e-m+fp/hard\libgcc.a
LOAD c:/st/stm32cubeide_1.6.1/stm32cubeide/plugins/com.st.stm32cube.ide.mcu.externaltools.gnu-tools-for-stm32.9-2020-q2-update.win32_2.0.0.202105311346/tools/bin/../lib/gcc/arm-none-eabi/9.3.1/../../../../arm-none-eabi/lib/thumb/v7e-m+fp/hard\libc_nano.a
END GROUP
START GROUP
LOAD c:/st/stm32cubeide_1.6.1/stm32cubeide/plugins/com.st.stm32cube.ide.mcu.externaltools.gnu-tools-for-stm32.9-2020-q2-update.win32_2.0.0.202105311346/tools/bin/../lib/gcc/arm-none-eabi/9.3.1/thumb/v7e-m+fp/hard\libgcc.a
LOAD c:/st/stm32cubeide_1.6.1/stm32cubeide/plugins/com.st.stm32cube.ide.mcu.externaltools.gnu-tools-for-stm32.9-2020-q2-update.win32_2.0.0.202105311346/tools/bin/../lib/gcc/arm-none-eabi/9.3.1/../../../../arm-none-eabi/lib/thumb/v7e-m+fp/hard\libc_nano.a
LOAD c:/st/stm32cubeide_1.6.1/stm32cubeide/plugins/com.st.stm32cube.ide.mcu.externaltools.gnu-tools-for-stm32.9-2020-q2-update.win32_2.0.0.202105311346/tools/bin/../lib/gcc/arm-none-eabi/9.3.1/../../../../arm-none-eabi/lib/thumb/v7e-m+fp/hard\libnosys.a
END GROUP
START GROUP
LOAD c:/st/stm32cubeide_1.6.1/stm32cubeide/plugins/com.st.stm32cube.ide.mcu.externaltools.gnu-tools-for-stm32.9-2020-q2-update.win32_2.0.0.202105311346/tools/bin/../lib/gcc/arm-none-eabi/9.3.1/thumb/v7e-m+fp/hard\libgcc.a
LOAD c:/st/stm32cubeide_1.6.1/stm32cubeide/plugins/com.st.stm32cube.ide.mcu.externaltools.gnu-tools-for-stm32.9-2020-q2-update.win32_2.0.0.202105311346/tools/bin/../lib/gcc/arm-none-eabi/9.3.1/../../../../arm-none-eabi/lib/thumb/v7e-m+fp/hard\libc_nano.a
LOAD c:/st/stm32cubeide_1.6.1/stm32cubeide/plugins/com.st.stm32cube.ide.mcu.externaltools.gnu-tools-for-stm32.9-2020-q2-update.win32_2.0.0.202105311346/tools/bin/../lib/gcc/arm-none-eabi/9.3.1/../../../../arm-none-eabi/lib/thumb/v7e-m+fp/hard\libnosys.a
END GROUP
LOAD c:/st/stm32cubeide_1.6.1/stm32cubeide/plugins/com.st.stm32cube.ide.mcu.externaltools.gnu-tools-for-stm32.9-2020-q2-update.win32_2.0.0.202105311346/tools/bin/../lib/gcc/arm-none-eabi/9.3.1/thumb/v7e-m+fp/hard/crtend.o
LOAD c:/st/stm32cubeide_1.6.1/stm32cubeide/plugins/com.st.stm32cube.ide.mcu.externaltools.gnu-tools-for-stm32.9-2020-q2-update.win32_2.0.0.202105311346/tools/bin/../lib/gcc/arm-none-eabi/9.3.1/thumb/v7e-m+fp/hard/crtn.o
                0x0000000020018000                _estack = (ORIGIN (RAM) + LENGTH (RAM))
                0x0000000000000200                _Min_Heap_Size = 0x200
                0x0000000000000400                _Min_Stack_Size = 0x400

.isr_vector     0x0000000008000000      0x194
                0x0000000008000000                . = ALIGN (0x4)
 *(.isr_vector)
 .isr_vector    0x0000000008000000      0x194 ./Application/Startup/startup_stm32f401retx.o
                0x0000000008000000                g_pfnVectors
                0x0000000008000194                . = ALIGN (0x4)

.text           0x0000000008000194     0x6004
                0x0000000008000194                . = ALIGN (0x4)
 *(.text)
 .text          0x0000000008000194       0x40 c:/st/stm32cubeide_1.6.1/stm32cubeide/plugins/com.st.stm32cube.ide.mcu.externaltools.gnu-tools-for-stm32.9-2020-q2-update.win32_2.0.0.202105311346/tools/bin/../lib/gcc/arm-none-eabi/9.3.1/thumb/v7e-m+fp/hard/crtbegin.o
 .text          0x00000000080001d4       0x30 c:/st/stm32cubeide_1.6.1/stm32cubeide/plugins/com.st.stm32cube.ide.mcu.externaltools.gnu-tools-for-stm32.9-2020-q2-update.win32_2.0.0.202105311346/tools/bin/../lib/gcc/arm-none-eabi/9.3.1/thumb/v7e-m+fp/hard\libgcc.a(_aeabi_uldivmod.o)
                0x00000000080001d4                __aeabi_uldivmod
 .text          0x0000000008000204      0x2c4 c:/st/stm32cubeide_1.6.1/stm32cubeide/plugins/com.st.stm32cube.ide.mcu.externaltools.gnu-tools-for-stm32.9-2020-q2-update.win32_2.0.0.202105311346/tools/bin/../lib/gcc/arm-none-eabi/9.3.1/thumb/v7e-m+fp/hard\libgcc.a(_udivmoddi4.o)
                0x0000000008000204                __udivmoddi4
 .text          0x00000000080004c8        0x4 c:/st/stm32cubeide_1.6.1/stm32cubeide/plugins/com.st.stm32cube.ide.mcu.externaltools.gnu-tools-for-stm32.9-2020-q2-update.win32_2.0.0.202105311346/tools/bin/../lib/gcc/arm-none-eabi/9.3.1/thumb/v7e-m+fp/hard\libgcc.a(_dvmd_tls.o)
                0x00000000080004c8                __aeabi_idiv0
                0x00000000080004c8                __aeabi_ldiv0
 *(.text*)
 .text.Reset_Handler
                0x00000000080004cc       0x50 ./Application/Startup/startup_stm32f401retx.o
                0x00000000080004cc                Reset_Handler
 .text.Default_Handler
                0x000000000800051c        0x2 ./Application/Startup/startup_stm32f401retx.o
                0x000000000800051c                RTC_Alarm_IRQHandler
                0x000000000800051c                EXTI2_IRQHandler
                0x000000000800051c                DebugMon_Handler
                0x000000000800051c                SPI4_IRQHandler
                0x000000000800051c                TIM1_CC_IRQHandler
                0x000000000800051c                DMA2_Stream5_IRQHandler
                0x000000000800051c                DMA1_Stream5_IRQHandler
                0x000000000800051c                PVD_IRQHandler
                0x000000000800051c                SDIO_IRQHandler
                0x000000000800051c                TAMP_STAMP_IRQHandler
                0x000000000800051c                PendSV_Handler
                0x000000000800051c                NMI_Handler
                0x000000000800051c                EXTI3_IRQHandler
                0x000000000800051c                I2C3_ER_IRQHandler
                0x000000000800051c                EXTI0_IRQHandler
                0x000000000800051c                I2C2_EV_IRQHandler
                0x000000000800051c                DMA1_Stream2_IRQHandler
                0x000000000800051c                FPU_IRQHandler
                0x000000000800051c                UsageFault_Handler
                0x000000000800051c                DMA2_Stream2_IRQHandler
                0x000000000800051c                SPI1_IRQHandler
                0x000000000800051c                DMA2_Stream3_IRQHandler
                0x000000000800051c                USART6_IRQHandler
                0x000000000800051c                DMA2_Stream0_IRQHandler
                0x000000000800051c                TIM4_IRQHandler
                0x000000000800051c                I2C1_EV_IRQHandler
                0x000000000800051c                DMA1_Stream6_IRQHandler
                0x000000000800051c                DMA1_Stream1_IRQHandler
                0x000000000800051c                TIM3_IRQHandler
                0x000000000800051c                RCC_IRQHandler
                0x000000000800051c                Default_Handler
                0x000000000800051c                DMA1_Stream7_IRQHandler
                0x000000000800051c                TIM5_IRQHandler
                0x000000000800051c                DMA2_Stream7_IRQHandler
                0x000000000800051c                I2C3_EV_IRQHandler
                0x000000000800051c                EXTI9_5_IRQHandler
                0x000000000800051c                RTC_WKUP_IRQHandler
                0x000000000800051c                SPI2_IRQHandler
                0x000000000800051c                MemManage_Handler
                0x000000000800051c                DMA1_Stream0_IRQHandler
                0x000000000800051c                SVC_Handler
                0x000000000800051c                EXTI4_IRQHandler
                0x000000000800051c                WWDG_IRQHandler
                0x000000000800051c                OTG_FS_WKUP_IRQHandler
                0x000000000800051c                TIM1_TRG_COM_TIM11_IRQHandler
                0x000000000800051c                EXTI1_IRQHandler
                0x000000000800051c                I2C2_ER_IRQHandler
                0x000000000800051c                DMA2_Stream1_IRQHandler
                0x000000000800051c                FLASH_IRQHandler
                0x000000000800051c                DMA2_Stream4_IRQHandler
                0x000000000800051c                BusFault_Handler
                0x000000000800051c                USART1_IRQHandler
                0x000000000800051c                OTG_FS_IRQHandler
                0x000000000800051c                SPI3_IRQHandler
                0x000000000800051c                DMA1_Stream4_IRQHandler
                0x000000000800051c                I2C1_ER_IRQHandler
                0x000000000800051c                DMA2_Stream6_IRQHandler
                0x000000000800051c                DMA1_Stream3_IRQHandler
 *fill*         0x000000000800051e        0x2 
 .text.SystemClock_Config
                0x0000000008000520       0xac ./Application/User/main.o
                0x0000000008000520                SystemClock_Config
 .text.startup.main
                0x00000000080005cc      0x3e8 ./Application/User/main.o
                0x00000000080005cc                main
 .text.MC_StartMotor1
                0x00000000080009b4        0xc ./Application/User/mc_api.o
                0x00000000080009b4                MC_StartMotor1
 .text.MC_StopMotor1
                0x00000000080009c0        0xc ./Application/User/mc_api.o
                0x00000000080009c0                MC_StopMotor1
 .text.MC_GetSTMStateMotor1
                0x00000000080009cc        0xc ./Application/User/mc_api.o
                0x00000000080009cc                MC_GetSTMStateMotor1
 .text.MCI_Init
                0x00000000080009d8       0x1c ./Application/User/mc_interface.o
                0x00000000080009d8                MCI_Init
 .text.MCI_ExecSpeedRamp
                0x00000000080009f4       0x18 ./Application/User/mc_interface.o
                0x00000000080009f4                MCI_ExecSpeedRamp
 .text.MCI_ExecTorqueRamp
                0x0000000008000a0c       0x14 ./Application/User/mc_interface.o
                0x0000000008000a0c                MCI_ExecTorqueRamp
 .text.MCI_SetCurrentReferences
                0x0000000008000a20       0x14 ./Application/User/mc_interface.o
                0x0000000008000a20                MCI_SetCurrentReferences
 .text.MCI_StartMotor
                0x0000000008000a34       0x14 ./Application/User/mc_interface.o
                0x0000000008000a34                MCI_StartMotor
 .text.MCI_StopMotor
                0x0000000008000a48        0x8 ./Application/User/mc_interface.o
                0x0000000008000a48                MCI_StopMotor
 .text.MCI_FaultAcknowledged
                0x0000000008000a50        0x8 ./Application/User/mc_interface.o
                0x0000000008000a50                MCI_FaultAcknowledged
 .text.MCI_EncoderAlign
                0x0000000008000a58        0x8 ./Application/User/mc_interface.o
                0x0000000008000a58                MCI_EncoderAlign
 .text.MCI_ExecBufferedCommands
                0x0000000008000a60       0x78 ./Application/User/mc_interface.o
                0x0000000008000a60                MCI_ExecBufferedCommands
 .text.MCI_GetSTMState
                0x0000000008000ad8        0x8 ./Application/User/mc_interface.o
                0x0000000008000ad8                MCI_GetSTMState
 .text.MCI_GetControlMode
                0x0000000008000ae0        0x4 ./Application/User/mc_interface.o
                0x0000000008000ae0                MCI_GetControlMode
 .text.MCI_GetLastRampFinalSpeed
                0x0000000008000ae4       0x10 ./Application/User/mc_interface.o
                0x0000000008000ae4                MCI_GetLastRampFinalSpeed
 .text.MCI_StopRamp
                0x0000000008000af4        0x8 ./Application/User/mc_interface.o
                0x0000000008000af4                MCI_StopRamp
 .text.MCI_GetAvrgMecSpeedUnit
                0x0000000008000afc       0x10 ./Application/User/mc_interface.o
                0x0000000008000afc                MCI_GetAvrgMecSpeedUnit
 .text.MCI_GetMecSpeedRefUnit
                0x0000000008000b0c        0x8 ./Application/User/mc_interface.o
                0x0000000008000b0c                MCI_GetMecSpeedRefUnit
 .text.MCI_GetIab
                0x0000000008000b14       0x1c ./Application/User/mc_interface.o
                0x0000000008000b14                MCI_GetIab
 .text.MCI_GetIalphabeta
                0x0000000008000b30       0x1c ./Application/User/mc_interface.o
                0x0000000008000b30                MCI_GetIalphabeta
 .text.MCI_GetIqd
                0x0000000008000b4c       0x1c ./Application/User/mc_interface.o
                0x0000000008000b4c                MCI_GetIqd
 .text.MCI_GetIqdref
                0x0000000008000b68       0x1c ./Application/User/mc_interface.o
                0x0000000008000b68                MCI_GetIqdref
 .text.MCI_GetVqd
                0x0000000008000b84       0x1c ./Application/User/mc_interface.o
                0x0000000008000b84                MCI_GetVqd
 .text.MCI_GetValphabeta
                0x0000000008000ba0       0x1c ./Application/User/mc_interface.o
                0x0000000008000ba0                MCI_GetValphabeta
 .text.MCI_GetTeref
                0x0000000008000bbc        0x8 ./Application/User/mc_interface.o
                0x0000000008000bbc                MCI_GetTeref
 .text.MCI_SetIdref
                0x0000000008000bc4       0x14 ./Application/User/mc_interface.o
                0x0000000008000bc4                MCI_SetIdref
 .text.MCI_Clear_Iqdref
                0x0000000008000bd8       0x14 ./Application/User/mc_interface.o
                0x0000000008000bd8                MCI_Clear_Iqdref
 .text.MCM_Clarke
                0x0000000008000bec       0x54 ./Application/User/mc_math.o
                0x0000000008000bec                MCM_Clarke
 .text.MCM_Trig_Functions
                0x0000000008000c40       0x98 ./Application/User/mc_math.o
                0x0000000008000c40                MCM_Trig_Functions
 .text.MCM_Park
                0x0000000008000cd8       0x84 ./Application/User/mc_math.o
                0x0000000008000cd8                MCM_Park
 .text.MCM_Rev_Park
                0x0000000008000d5c       0x40 ./Application/User/mc_math.o
                0x0000000008000d5c                MCM_Rev_Park
 .text.FOC_Clear
                0x0000000008000d9c       0x88 ./Application/User/mc_tasks.o
                0x0000000008000d9c                FOC_Clear
 .text.MCboot   0x0000000008000e24      0x1f0 ./Application/User/mc_tasks.o
                0x0000000008000e24                MCboot
 .text.FOC_InitAdditionalMethods
                0x0000000008001014        0x4 ./Application/User/mc_tasks.o
                0x0000000008001014                FOC_InitAdditionalMethods
 .text.FOC_CalcCurrRef
                0x0000000008001018       0x2c ./Application/User/mc_tasks.o
                0x0000000008001018                FOC_CalcCurrRef
 .text.TSK_SetChargeBootCapDelayM1
                0x0000000008001044        0xc ./Application/User/mc_tasks.o
                0x0000000008001044                TSK_SetChargeBootCapDelayM1
 .text.TSK_ChargeBootCapDelayHasElapsedM1
                0x0000000008001050       0x14 ./Application/User/mc_tasks.o
                0x0000000008001050                TSK_ChargeBootCapDelayHasElapsedM1
 .text.TSK_SetStopPermanencyTimeM1
                0x0000000008001064        0xc ./Application/User/mc_tasks.o
                0x0000000008001064                TSK_SetStopPermanencyTimeM1
 .text.TSK_StopPermanencyTimeHasElapsedM1
                0x0000000008001070       0x14 ./Application/User/mc_tasks.o
                0x0000000008001070                TSK_StopPermanencyTimeHasElapsedM1
 .text.TSK_MediumFrequencyTaskM1
                0x0000000008001084      0x158 ./Application/User/mc_tasks.o
                0x0000000008001084                TSK_MediumFrequencyTaskM1
 .text.MC_Scheduler
                0x00000000080011dc       0x58 ./Application/User/mc_tasks.o
                0x00000000080011dc                MC_Scheduler
 .text.TSK_HighFrequencyTask
                0x0000000008001234       0xe8 ./Application/User/mc_tasks.o
                0x0000000008001234                TSK_HighFrequencyTask
 .text.TSK_SafetyTask_PWMOFF
                0x000000000800131c       0x98 ./Application/User/mc_tasks.o
                0x000000000800131c                TSK_SafetyTask_PWMOFF
 .text.TSK_SafetyTask
                0x00000000080013b4       0x20 ./Application/User/mc_tasks.o
                0x00000000080013b4                TSK_SafetyTask
 .text.MC_RunMotorControlTasks
                0x00000000080013d4       0x20 ./Application/User/mc_tasks.o
                0x00000000080013d4                MC_RunMotorControlTasks
 .text.TSK_HardwareFaultTask
                0x00000000080013f4       0x20 ./Application/User/mc_tasks.o
                0x00000000080013f4                TSK_HardwareFaultTask
 .text.mc_lock_pins
                0x0000000008001414      0x134 ./Application/User/mc_tasks.o
                0x0000000008001414                mc_lock_pins
 .text.MCP_ReceivedFrame
                0x0000000008001548      0x5ec ./Application/User/motor_control_protocol.o
                0x0000000008001548                MCP_ReceivedFrame
 .text.MCP_WaitNextFrame
                0x0000000008001b34       0x1c ./Application/User/motor_control_protocol.o
                0x0000000008001b34                MCP_WaitNextFrame
 .text.MCP_Init
                0x0000000008001b50       0x40 ./Application/User/motor_control_protocol.o
                0x0000000008001b50                MCP_Init
 .text.MCP_OnTimeOut
                0x0000000008001b90        0x8 ./Application/User/motor_control_protocol.o
                0x0000000008001b90                MCP_OnTimeOut
 .text.MCP_SentFrame
                0x0000000008001b98        0x8 ./Application/User/motor_control_protocol.o
                0x0000000008001b98                MCP_SentFrame
 .text.MX_MotorControl_Init
                0x0000000008001ba0       0x4c ./Application/User/motorcontrol.o
                0x0000000008001ba0                MX_MotorControl_Init
 .text.RCM_RegisterRegConv
                0x0000000008001bec      0x1a4 ./Application/User/regular_conversion_manager.o
                0x0000000008001bec                RCM_RegisterRegConv
 .text.RCM_ExecRegularConv
                0x0000000008001d90       0x74 ./Application/User/regular_conversion_manager.o
                0x0000000008001d90                RCM_ExecRegularConv
 .text.RCM_ExecUserConv
                0x0000000008001e04       0x54 ./Application/User/regular_conversion_manager.o
                0x0000000008001e04                RCM_ExecUserConv
 .text.HAL_MspInit
                0x0000000008001e58       0x3c ./Application/User/stm32f4xx_hal_msp.o
                0x0000000008001e58                HAL_MspInit
 .text.HAL_ADC_MspInit
                0x0000000008001e94       0x90 ./Application/User/stm32f4xx_hal_msp.o
                0x0000000008001e94                HAL_ADC_MspInit
 .text.HAL_TIM_Base_MspInit
                0x0000000008001f24       0xf8 ./Application/User/stm32f4xx_hal_msp.o
                0x0000000008001f24                HAL_TIM_Base_MspInit
 .text.HAL_TIM_MspPostInit
                0x000000000800201c       0xa8 ./Application/User/stm32f4xx_hal_msp.o
                0x000000000800201c                HAL_TIM_MspPostInit
 .text.HAL_UART_MspInit
                0x00000000080020c4       0x70 ./Application/User/stm32f4xx_hal_msp.o
                0x00000000080020c4                HAL_UART_MspInit
 .text.ADC_IRQHandler
                0x0000000008002134       0x1c ./Application/User/stm32f4xx_mc_it.o
                0x0000000008002134                ADC_IRQHandler
 .text.TIM1_UP_TIM10_IRQHandler
                0x0000000008002150       0x14 ./Application/User/stm32f4xx_mc_it.o
                0x0000000008002150                TIM1_UP_TIM10_IRQHandler
 .text.TIM1_BRK_TIM9_IRQHandler
                0x0000000008002164       0x24 ./Application/User/stm32f4xx_mc_it.o
                0x0000000008002164                TIM1_BRK_TIM9_IRQHandler
 .text.TIM2_IRQHandler
                0x0000000008002188       0x38 ./Application/User/stm32f4xx_mc_it.o
                0x0000000008002188                TIM2_IRQHandler
 .text.USART2_IRQHandler
                0x00000000080021c0       0x84 ./Application/User/stm32f4xx_mc_it.o
                0x00000000080021c0                USART2_IRQHandler
 .text.HardFault_Handler
                0x0000000008002244       0x7c ./Application/User/stm32f4xx_mc_it.o
                0x0000000008002244                HardFault_Handler
 .text.SysTick_Handler
                0x00000000080022c0       0x30 ./Application/User/stm32f4xx_mc_it.o
                0x00000000080022c0                SysTick_Handler
 .text.EXTI15_10_IRQHandler
                0x00000000080022f0       0x18 ./Application/User/stm32f4xx_mc_it.o
                0x00000000080022f0                EXTI15_10_IRQHandler
 .text.UI_TaskInit
                0x0000000008002308       0x80 ./Application/User/ui_task.o
                0x0000000008002308                UI_TaskInit
 .text.UI_Scheduler
                0x0000000008002388       0x44 ./Application/User/ui_task.o
                0x0000000008002388                UI_Scheduler
 .text.UI_SerialCommunicationTimeOutStop
                0x00000000080023cc        0xc ./Application/User/ui_task.o
                0x00000000080023cc                UI_SerialCommunicationTimeOutStop
 .text.UI_SerialCommunicationTimeOutStart
                0x00000000080023d8        0xc ./Application/User/ui_task.o
                0x00000000080023d8                UI_SerialCommunicationTimeOutStart
 .text.UI_HandleStartStopButton_cb
                0x00000000080023e4       0x18 ./Application/User/ui_task.o
                0x00000000080023e4                UI_HandleStartStopButton_cb
 .text.UI_Init  0x00000000080023fc       0x14 ./Application/User/user_interface.o
                0x00000000080023fc                UI_Init
 .text.UI_SelectMC
                0x0000000008002410       0x10 ./Application/User/user_interface.o
                0x0000000008002410                UI_SelectMC
 .text.UI_GetSelectedMC
                0x0000000008002420        0x4 ./Application/User/user_interface.o
                0x0000000008002420                UI_GetSelectedMC
 .text.UI_SetReg
                0x0000000008002424      0x180 ./Application/User/user_interface.o
                0x0000000008002424                UI_SetReg
 .text.UI_GetReg
                0x00000000080025a4      0x410 ./Application/User/user_interface.o
                0x00000000080025a4                UI_GetReg
 .text.UI_ExecCmd
                0x00000000080029b4       0x78 ./Application/User/user_interface.o
                0x00000000080029b4                UI_ExecCmd
 .text.UI_ExecSpeedRamp
                0x0000000008002a2c       0x24 ./Application/User/user_interface.o
                0x0000000008002a2c                UI_ExecSpeedRamp
 .text.UI_ExecTorqueRamp
                0x0000000008002a50       0x14 ./Application/User/user_interface.o
                0x0000000008002a50                UI_ExecTorqueRamp
 .text.UI_GetRevupData
                0x0000000008002a64       0x3c ./Application/User/user_interface.o
                0x0000000008002a64                UI_GetRevupData
 .text.UI_SetRevupData
                0x0000000008002aa0       0x38 ./Application/User/user_interface.o
                0x0000000008002aa0                UI_SetRevupData
 .text.UI_SetCurrentReferences
                0x0000000008002ad8       0x20 ./Application/User/user_interface.o
                0x0000000008002ad8                UI_SetCurrentReferences
 .text.UI_GetMPInfo
                0x0000000008002af8        0x4 ./Application/User/user_interface.o
                0x0000000008002af8                UI_GetMPInfo
 .text.SystemInit
                0x0000000008002afc       0x1c ./Drivers/CMSIS/system_stm32f4xx.o
                0x0000000008002afc                SystemInit
 .text.HAL_InitTick
                0x0000000008002b18       0x48 ./Drivers/STM32F4xx_HAL_Driver/stm32f4xx_hal.o
                0x0000000008002b18                HAL_InitTick
 .text.HAL_Init
                0x0000000008002b60       0x34 ./Drivers/STM32F4xx_HAL_Driver/stm32f4xx_hal.o
                0x0000000008002b60                HAL_Init
 .text.HAL_IncTick
                0x0000000008002b94       0x18 ./Drivers/STM32F4xx_HAL_Driver/stm32f4xx_hal.o
                0x0000000008002b94                HAL_IncTick
 .text.HAL_GetTick
                0x0000000008002bac        0xc ./Drivers/STM32F4xx_HAL_Driver/stm32f4xx_hal.o
                0x0000000008002bac                HAL_GetTick
 .text.HAL_ADC_Init
                0x0000000008002bb8      0x15c ./Drivers/STM32F4xx_HAL_Driver/stm32f4xx_hal_adc.o
                0x0000000008002bb8                HAL_ADC_Init
 .text.HAL_ADC_ConfigChannel
                0x0000000008002d14      0x150 ./Drivers/STM32F4xx_HAL_Driver/stm32f4xx_hal_adc.o
                0x0000000008002d14                HAL_ADC_ConfigChannel
 .text.HAL_ADCEx_InjectedConfigChannel
                0x0000000008002e64      0x1d0 ./Drivers/STM32F4xx_HAL_Driver/stm32f4xx_hal_adc_ex.o
                0x0000000008002e64                HAL_ADCEx_InjectedConfigChannel
 .text.HAL_NVIC_SetPriorityGrouping
                0x0000000008003034       0x28 ./Drivers/STM32F4xx_HAL_Driver/stm32f4xx_hal_cortex.o
                0x0000000008003034                HAL_NVIC_SetPriorityGrouping
 .text.HAL_NVIC_SetPriority
                0x000000000800305c       0x70 ./Drivers/STM32F4xx_HAL_Driver/stm32f4xx_hal_cortex.o
                0x000000000800305c                HAL_NVIC_SetPriority
 .text.HAL_NVIC_EnableIRQ
                0x00000000080030cc       0x1c ./Drivers/STM32F4xx_HAL_Driver/stm32f4xx_hal_cortex.o
                0x00000000080030cc                HAL_NVIC_EnableIRQ
 .text.HAL_SYSTICK_Config
                0x00000000080030e8       0x34 ./Drivers/STM32F4xx_HAL_Driver/stm32f4xx_hal_cortex.o
                0x00000000080030e8                HAL_SYSTICK_Config
 .text.HAL_SYSTICK_Callback
                0x000000000800311c        0x4 ./Drivers/STM32F4xx_HAL_Driver/stm32f4xx_hal_cortex.o
                0x000000000800311c                HAL_SYSTICK_Callback
 .text.HAL_SYSTICK_IRQHandler
                0x0000000008003120        0x8 ./Drivers/STM32F4xx_HAL_Driver/stm32f4xx_hal_cortex.o
                0x0000000008003120                HAL_SYSTICK_IRQHandler
 .text.HAL_GPIO_Init
                0x0000000008003128      0x1e8 ./Drivers/STM32F4xx_HAL_Driver/stm32f4xx_hal_gpio.o
                0x0000000008003128                HAL_GPIO_Init
 .text.HAL_GPIO_WritePin
                0x0000000008003310        0x8 ./Drivers/STM32F4xx_HAL_Driver/stm32f4xx_hal_gpio.o
                0x0000000008003310                HAL_GPIO_WritePin
 .text.HAL_RCC_OscConfig
                0x0000000008003318      0x3c0 ./Drivers/STM32F4xx_HAL_Driver/stm32f4xx_hal_rcc.o
                0x0000000008003318                HAL_RCC_OscConfig
 .text.HAL_RCC_EnableCSS
                0x00000000080036d8        0xc ./Drivers/STM32F4xx_HAL_Driver/stm32f4xx_hal_rcc.o
                0x00000000080036d8                HAL_RCC_EnableCSS
 .text.HAL_RCC_GetSysClockFreq
                0x00000000080036e4       0x6c ./Drivers/STM32F4xx_HAL_Driver/stm32f4xx_hal_rcc.o
                0x00000000080036e4                HAL_RCC_GetSysClockFreq
 .text.HAL_RCC_ClockConfig
                0x0000000008003750      0x13c ./Drivers/STM32F4xx_HAL_Driver/stm32f4xx_hal_rcc.o
                0x0000000008003750                HAL_RCC_ClockConfig
 .text.HAL_RCC_GetHCLKFreq
                0x000000000800388c        0xc ./Drivers/STM32F4xx_HAL_Driver/stm32f4xx_hal_rcc.o
                0x000000000800388c                HAL_RCC_GetHCLKFreq
 .text.HAL_RCC_GetPCLK1Freq
                0x0000000008003898       0x20 ./Drivers/STM32F4xx_HAL_Driver/stm32f4xx_hal_rcc.o
                0x0000000008003898                HAL_RCC_GetPCLK1Freq
 .text.HAL_RCC_GetPCLK2Freq
                0x00000000080038b8       0x20 ./Drivers/STM32F4xx_HAL_Driver/stm32f4xx_hal_rcc.o
                0x00000000080038b8                HAL_RCC_GetPCLK2Freq
 .text.HAL_TIM_Base_Init
                0x00000000080038d8       0xd8 ./Drivers/STM32F4xx_HAL_Driver/stm32f4xx_hal_tim.o
                0x00000000080038d8                HAL_TIM_Base_Init
 .text.HAL_TIM_PWM_MspInit
                0x00000000080039b0        0x4 ./Drivers/STM32F4xx_HAL_Driver/stm32f4xx_hal_tim.o
                0x00000000080039b0                HAL_TIM_PWM_MspInit
 .text.HAL_TIM_PWM_Init
                0x00000000080039b4       0xd8 ./Drivers/STM32F4xx_HAL_Driver/stm32f4xx_hal_tim.o
                0x00000000080039b4                HAL_TIM_PWM_Init
 .text.HAL_TIM_PWM_ConfigChannel
                0x0000000008003a8c      0x200 ./Drivers/STM32F4xx_HAL_Driver/stm32f4xx_hal_tim.o
                0x0000000008003a8c                HAL_TIM_PWM_ConfigChannel
 .text.HAL_TIM_ConfigClockSource
                0x0000000008003c8c      0x148 ./Drivers/STM32F4xx_HAL_Driver/stm32f4xx_hal_tim.o
                0x0000000008003c8c                HAL_TIM_ConfigClockSource
 .text.HAL_TIM_SlaveConfigSynchro
                0x0000000008003dd4       0xf4 ./Drivers/STM32F4xx_HAL_Driver/stm32f4xx_hal_tim.o
                0x0000000008003dd4                HAL_TIM_SlaveConfigSynchro
 .text.TIM_Base_SetConfig
                0x0000000008003ec8       0xa4 ./Drivers/STM32F4xx_HAL_Driver/stm32f4xx_hal_tim.o
                0x0000000008003ec8                TIM_Base_SetConfig
 .text.TIM_OC2_SetConfig
                0x0000000008003f6c       0x5c ./Drivers/STM32F4xx_HAL_Driver/stm32f4xx_hal_tim.o
                0x0000000008003f6c                TIM_OC2_SetConfig
 .text.TIM_TI1_SetConfig
                0x0000000008003fc8       0x68 ./Drivers/STM32F4xx_HAL_Driver/stm32f4xx_hal_tim.o
                0x0000000008003fc8                TIM_TI1_SetConfig
 .text.HAL_TIMEx_HallSensor_MspInit
                0x0000000008004030        0x4 ./Drivers/STM32F4xx_HAL_Driver/stm32f4xx_hal_tim_ex.o
                0x0000000008004030                HAL_TIMEx_HallSensor_MspInit
 .text.HAL_TIMEx_HallSensor_Init
                0x0000000008004034       0xb4 ./Drivers/STM32F4xx_HAL_Driver/stm32f4xx_hal_tim_ex.o
                0x0000000008004034                HAL_TIMEx_HallSensor_Init
 .text.HAL_TIMEx_MasterConfigSynchronization
                0x00000000080040e8       0x74 ./Drivers/STM32F4xx_HAL_Driver/stm32f4xx_hal_tim_ex.o
                0x00000000080040e8                HAL_TIMEx_MasterConfigSynchronization
 .text.HAL_TIMEx_ConfigBreakDeadTime
                0x000000000800415c       0x54 ./Drivers/STM32F4xx_HAL_Driver/stm32f4xx_hal_tim_ex.o
                0x000000000800415c                HAL_TIMEx_ConfigBreakDeadTime
 .text.HAL_UART_Init
                0x00000000080041b0      0x144 ./Drivers/STM32F4xx_HAL_Driver/stm32f4xx_hal_uart.o
                0x00000000080041b0                HAL_UART_Init
 .text.VBS_GetAvBusVoltage_V
                0x00000000080042f4        0xc ./Middlewares/MotorControl/bus_voltage_sensor.o
                0x00000000080042f4                VBS_GetAvBusVoltage_V
 .text.Circle_Limitation
                0x0000000008004300       0x64 ./Middlewares/MotorControl/circle_limitation.o
                0x0000000008004300                Circle_Limitation
 .text.FCP_Init
                0x0000000008004364       0x18 ./Middlewares/MotorControl/frame_communication_protocol.o
                0x0000000008004364                FCP_Init
 .text.FCP_SetClient
                0x000000000800437c       0x10 ./Middlewares/MotorControl/frame_communication_protocol.o
                0x000000000800437c                FCP_SetClient
 .text.FCP_CalcCRC
                0x000000000800438c       0x2c ./Middlewares/MotorControl/frame_communication_protocol.o
                0x000000000800438c                FCP_CalcCRC
 .text.HALL_Init
                0x00000000080043b8      0x104 ./Middlewares/MotorControl/hall_speed_pos_fdbk.o
                0x00000000080043b8                HALL_Init
 .text.HALL_Clear
                0x00000000080044bc      0x148 ./Middlewares/MotorControl/hall_speed_pos_fdbk.o
                0x00000000080044bc                HALL_Clear
 .text.HALL_CalcElAngle
                0x0000000008004604       0x44 ./Middlewares/MotorControl/hall_speed_pos_fdbk.o
                0x0000000008004604                HALL_CalcElAngle
 .text.HALL_CalcAvrgMecSpeedUnit
                0x0000000008004648       0x94 ./Middlewares/MotorControl/hall_speed_pos_fdbk.o
                0x0000000008004648                HALL_CalcAvrgMecSpeedUnit
 .text.HALL_TIMx_CC_IRQHandler
                0x00000000080046dc      0x328 ./Middlewares/MotorControl/hall_speed_pos_fdbk.o
                0x00000000080046dc                HALL_TIMx_CC_IRQHandler
 .text.HALL_TIMx_UP_IRQHandler
                0x0000000008004a04      0x168 ./Middlewares/MotorControl/hall_speed_pos_fdbk.o
                0x0000000008004a04                HALL_TIMx_UP_IRQHandler
 .text.MPM_Clear
                0x0000000008004b6c       0x18 ./Middlewares/MotorControl/motor_power_measurement.o
                0x0000000008004b6c                MPM_Clear
 .text.MPM_CalcElMotorPower
                0x0000000008004b84       0x44 ./Middlewares/MotorControl/motor_power_measurement.o
                0x0000000008004b84                MPM_CalcElMotorPower
 .text.MPM_GetAvrgElMotorPowerW
                0x0000000008004bc8        0x8 ./Middlewares/MotorControl/motor_power_measurement.o
                0x0000000008004bc8                MPM_GetAvrgElMotorPowerW
 .text.NTC_SetFaultState
                0x0000000008004bd0       0x1c ./Middlewares/MotorControl/ntc_temperature_sensor.o
                0x0000000008004bd0                NTC_SetFaultState
 .text.NTC_Clear
                0x0000000008004bec        0x8 ./Middlewares/MotorControl/ntc_temperature_sensor.o
                0x0000000008004bec                NTC_Clear
 .text.NTC_Init
                0x0000000008004bf4       0x24 ./Middlewares/MotorControl/ntc_temperature_sensor.o
                0x0000000008004bf4                NTC_Init
 .text.NTC_CalcAvTemp
                0x0000000008004c18       0x38 ./Middlewares/MotorControl/ntc_temperature_sensor.o
                0x0000000008004c18                NTC_CalcAvTemp
 .text.NTC_GetAvTemp_C
                0x0000000008004c50       0x2c ./Middlewares/MotorControl/ntc_temperature_sensor.o
                0x0000000008004c50                NTC_GetAvTemp_C
 .text.PID_HandleInit
                0x0000000008004c7c       0x10 ./Middlewares/MotorControl/pid_regulator.o
                0x0000000008004c7c                PID_HandleInit
 .text.PID_SetKP
                0x0000000008004c8c        0x4 ./Middlewares/MotorControl/pid_regulator.o
                0x0000000008004c8c                PID_SetKP
 .text.PID_SetKI
                0x0000000008004c90        0x4 ./Middlewares/MotorControl/pid_regulator.o
                0x0000000008004c90                PID_SetKI
 .text.PID_GetKP
                0x0000000008004c94        0x8 ./Middlewares/MotorControl/pid_regulator.o
                0x0000000008004c94                PID_GetKP
 .text.PID_GetKI
                0x0000000008004c9c        0x8 ./Middlewares/MotorControl/pid_regulator.o
                0x0000000008004c9c                PID_GetKI
 .text.PID_SetIntegralTerm
                0x0000000008004ca4        0x4 ./Middlewares/MotorControl/pid_regulator.o
                0x0000000008004ca4                PID_SetIntegralTerm
 .text.PID_GetKPDivisor
                0x0000000008004ca8        0x4 ./Middlewares/MotorControl/pid_regulator.o
                0x0000000008004ca8                PID_GetKPDivisor
 .text.PID_GetKIDivisor
                0x0000000008004cac        0x4 ./Middlewares/MotorControl/pid_regulator.o
                0x0000000008004cac                PID_GetKIDivisor
 .text.PID_SetKD
                0x0000000008004cb0        0x4 ./Middlewares/MotorControl/pid_regulator.o
                0x0000000008004cb0                PID_SetKD
 .text.PID_GetKD
                0x0000000008004cb4        0x8 ./Middlewares/MotorControl/pid_regulator.o
                0x0000000008004cb4                PID_GetKD
 .text.PI_Controller
                0x0000000008004cbc       0x8c ./Middlewares/MotorControl/pid_regulator.o
                0x0000000008004cbc                PI_Controller
 .text.PQD_CalcElMotorPower
                0x0000000008004d48       0x68 ./Middlewares/MotorControl/pqd_motor_power_measurement.o
                0x0000000008004d48                PQD_CalcElMotorPower
 .text.startTimers
                0x0000000008004db0       0x64 ./Middlewares/MotorControl/pwm_common.o
                0x0000000008004db0                startTimers
 .text.waitForPolarizationEnd
                0x0000000008004e14       0x44 ./Middlewares/MotorControl/pwm_common.o
                0x0000000008004e14                waitForPolarizationEnd
 .text.PWMC_GetPhaseCurrents
                0x0000000008004e58        0x4 ./Middlewares/MotorControl/pwm_curr_fdbk.o
                0x0000000008004e58                PWMC_GetPhaseCurrents
 .text.PWMC_SetPhaseVoltage
                0x0000000008004e5c      0x250 ./Middlewares/MotorControl/pwm_curr_fdbk.o
                0x0000000008004e5c                PWMC_SetPhaseVoltage
 .text.PWMC_SwitchOffPWM
                0x00000000080050ac        0x4 ./Middlewares/MotorControl/pwm_curr_fdbk.o
                0x00000000080050ac                PWMC_SwitchOffPWM
 .text.PWMC_CurrentReadingCalibr
                0x00000000080050b0       0x54 ./Middlewares/MotorControl/pwm_curr_fdbk.o
                0x00000000080050b0                PWMC_CurrentReadingCalibr
 .text.PWMC_CheckOverCurrent
                0x0000000008005104        0x4 ./Middlewares/MotorControl/pwm_curr_fdbk.o
                0x0000000008005104                PWMC_CheckOverCurrent
 .text.R3_1_GetPhaseCurrents
                0x0000000008005108      0x17c ./Middlewares/MotorControl/r3_1_f4xx_pwm_curr_fdbk.o
                0x0000000008005108                R3_1_GetPhaseCurrents
 .text.R3_1_HFCurrentsCalibrationAB
                0x0000000008005284       0x48 ./Middlewares/MotorControl/r3_1_f4xx_pwm_curr_fdbk.o
                0x0000000008005284                R3_1_HFCurrentsCalibrationAB
 .text.R3_1_HFCurrentsCalibrationC
                0x00000000080052cc       0x40 ./Middlewares/MotorControl/r3_1_f4xx_pwm_curr_fdbk.o
                0x00000000080052cc                R3_1_HFCurrentsCalibrationC
 .text.R3_1_TurnOnLowSides
                0x000000000800530c       0x50 ./Middlewares/MotorControl/r3_1_f4xx_pwm_curr_fdbk.o
                0x000000000800530c                R3_1_TurnOnLowSides
 .text.R3_1_SwitchOnPWM
                0x000000000800535c       0x90 ./Middlewares/MotorControl/r3_1_f4xx_pwm_curr_fdbk.o
                0x000000000800535c                R3_1_SwitchOnPWM
 .text.R3_1_SwitchOffPWM
                0x00000000080053ec       0x5c ./Middlewares/MotorControl/r3_1_f4xx_pwm_curr_fdbk.o
                0x00000000080053ec                R3_1_SwitchOffPWM
 .text.R3_1_RLGetPhaseCurrents
                0x0000000008005448       0x54 ./Middlewares/MotorControl/r3_1_f4xx_pwm_curr_fdbk.o
                0x0000000008005448                R3_1_RLGetPhaseCurrents
 .text.R3_1_RLTurnOnLowSides
                0x000000000800549c       0x48 ./Middlewares/MotorControl/r3_1_f4xx_pwm_curr_fdbk.o
                0x000000000800549c                R3_1_RLTurnOnLowSides
 .text.R3_1_RLSwitchOnPWM
                0x00000000080054e4       0xa8 ./Middlewares/MotorControl/r3_1_f4xx_pwm_curr_fdbk.o
                0x00000000080054e4                R3_1_RLSwitchOnPWM
 .text.R3_1_Init
                0x000000000800558c       0xa0 ./Middlewares/MotorControl/r3_1_f4xx_pwm_curr_fdbk.o
                0x000000000800558c                R3_1_Init
 .text.R3_1_CurrentReadingCalibration
                0x000000000800562c      0x104 ./Middlewares/MotorControl/r3_1_f4xx_pwm_curr_fdbk.o
                0x000000000800562c                R3_1_CurrentReadingCalibration
 .text.R3_1_WriteTIMRegisters
                0x0000000008005730       0x28 ./Middlewares/MotorControl/r3_1_f4xx_pwm_curr_fdbk.o
                0x0000000008005730                R3_1_WriteTIMRegisters
 .text.R3_1_SetADCSampPointCalibration
                0x0000000008005758       0x20 ./Middlewares/MotorControl/r3_1_f4xx_pwm_curr_fdbk.o
                0x0000000008005758                R3_1_SetADCSampPointCalibration
 .text.R3_1_SetADCSampPointSectX
                0x0000000008005778       0x5c ./Middlewares/MotorControl/r3_1_f4xx_pwm_curr_fdbk.o
                0x0000000008005778                R3_1_SetADCSampPointSectX
 .text.R3_1_TIMx_UP_IRQHandler
                0x00000000080057d4       0x3c ./Middlewares/MotorControl/r3_1_f4xx_pwm_curr_fdbk.o
                0x00000000080057d4                R3_1_TIMx_UP_IRQHandler
 .text.R3_1_BRK_IRQHandler
                0x0000000008005810       0x40 ./Middlewares/MotorControl/r3_1_f4xx_pwm_curr_fdbk.o
                0x0000000008005810                R3_1_BRK_IRQHandler
 .text.R3_1_IsOverCurrentOccurred
                0x0000000008005850       0x14 ./Middlewares/MotorControl/r3_1_f4xx_pwm_curr_fdbk.o
                0x0000000008005850                R3_1_IsOverCurrentOccurred
 .text.R3_1_RLDetectionModeEnable
                0x0000000008005864       0xc0 ./Middlewares/MotorControl/r3_1_f4xx_pwm_curr_fdbk.o
                0x0000000008005864                R3_1_RLDetectionModeEnable
 .text.R3_1_RLDetectionModeDisable
                0x0000000008005924       0xfc ./Middlewares/MotorControl/r3_1_f4xx_pwm_curr_fdbk.o
                0x0000000008005924                R3_1_RLDetectionModeDisable
 .text.R3_1_RLDetectionModeSetDuty
                0x0000000008005a20       0x34 ./Middlewares/MotorControl/r3_1_f4xx_pwm_curr_fdbk.o
                0x0000000008005a20                R3_1_RLDetectionModeSetDuty
 .text.RVBS_Clear
                0x0000000008005a54       0x38 ./Middlewares/MotorControl/r_divider_bus_voltage_sensor.o
                0x0000000008005a54                RVBS_Clear
 .text.RVBS_Init
                0x0000000008005a8c       0x18 ./Middlewares/MotorControl/r_divider_bus_voltage_sensor.o
                0x0000000008005a8c                RVBS_Init
 .text.RVBS_CheckFaultState
                0x0000000008005aa4       0x18 ./Middlewares/MotorControl/r_divider_bus_voltage_sensor.o
                0x0000000008005aa4                RVBS_CheckFaultState
 .text.RVBS_CalcAvVbus
                0x0000000008005abc       0x6c ./Middlewares/MotorControl/r_divider_bus_voltage_sensor.o
                0x0000000008005abc                RVBS_CalcAvVbus
 .text.REMNG_Init
                0x0000000008005b28       0x10 ./Middlewares/MotorControl/ramp_ext_mngr.o
                0x0000000008005b28                REMNG_Init
 .text.SPD_GetElAngle
                0x0000000008005b38        0x8 ./Middlewares/MotorControl/speed_pos_fdbk.o
                0x0000000008005b38                SPD_GetElAngle
 .text.SPD_GetAvrgMecSpeedUnit
                0x0000000008005b40        0x8 ./Middlewares/MotorControl/speed_pos_fdbk.o
                0x0000000008005b40                SPD_GetAvrgMecSpeedUnit
 .text.SPD_GetInstElSpeedDpp
                0x0000000008005b48        0x8 ./Middlewares/MotorControl/speed_pos_fdbk.o
                0x0000000008005b48                SPD_GetInstElSpeedDpp
 .text.SPD_IsMecSpeedReliable
                0x0000000008005b50       0x58 ./Middlewares/MotorControl/speed_pos_fdbk.o
                0x0000000008005b50                SPD_IsMecSpeedReliable
 .text.SPD_GetS16Speed
                0x0000000008005ba8       0x14 ./Middlewares/MotorControl/speed_pos_fdbk.o
                0x0000000008005ba8                SPD_GetS16Speed
 .text.STC_Init
                0x0000000008005bbc       0x28 ./Middlewares/MotorControl/speed_torq_ctrl.o
                0x0000000008005bbc                STC_Init
 .text.STC_GetSpeedSensor
                0x0000000008005be4        0x4 ./Middlewares/MotorControl/speed_torq_ctrl.o
                0x0000000008005be4                STC_GetSpeedSensor
 .text.STC_Clear
                0x0000000008005be8       0x10 ./Middlewares/MotorControl/speed_torq_ctrl.o
                0x0000000008005be8                STC_Clear
 .text.STC_GetMecSpeedRefUnit
                0x0000000008005bf8       0x10 ./Middlewares/MotorControl/speed_torq_ctrl.o
                0x0000000008005bf8                STC_GetMecSpeedRefUnit
 .text.STC_GetTorqueRef
                0x0000000008005c08       0x10 ./Middlewares/MotorControl/speed_torq_ctrl.o
                0x0000000008005c08                STC_GetTorqueRef
 .text.STC_SetControlMode
                0x0000000008005c18        0x8 ./Middlewares/MotorControl/speed_torq_ctrl.o
                0x0000000008005c18                STC_SetControlMode
 .text.STC_ExecRamp
                0x0000000008005c20       0x90 ./Middlewares/MotorControl/speed_torq_ctrl.o
                0x0000000008005c20                STC_ExecRamp
 .text.STC_StopRamp
                0x0000000008005cb0        0x8 ./Middlewares/MotorControl/speed_torq_ctrl.o
                0x0000000008005cb0                STC_StopRamp
 .text.STC_CalcTorqueReference
                0x0000000008005cb8       0x64 ./Middlewares/MotorControl/speed_torq_ctrl.o
                0x0000000008005cb8                STC_CalcTorqueReference
 .text.STC_GetMecSpeedRefUnitDefault
                0x0000000008005d1c        0x8 ./Middlewares/MotorControl/speed_torq_ctrl.o
                0x0000000008005d1c                STC_GetMecSpeedRefUnitDefault
 .text.STC_GetMaxAppPositiveMecSpeedUnit
                0x0000000008005d24        0x4 ./Middlewares/MotorControl/speed_torq_ctrl.o
                0x0000000008005d24                STC_GetMaxAppPositiveMecSpeedUnit
 .text.STC_GetMinAppNegativeMecSpeedUnit
                0x0000000008005d28        0x8 ./Middlewares/MotorControl/speed_torq_ctrl.o
                0x0000000008005d28                STC_GetMinAppNegativeMecSpeedUnit
 .text.STC_GetDefaultIqdref
                0x0000000008005d30       0x1c ./Middlewares/MotorControl/speed_torq_ctrl.o
                0x0000000008005d30                STC_GetDefaultIqdref
 .text.STC_ForceSpeedReferenceToCurrentSpeed
                0x0000000008005d4c       0x10 ./Middlewares/MotorControl/speed_torq_ctrl.o
                0x0000000008005d4c                STC_ForceSpeedReferenceToCurrentSpeed
 .text.STM_Init
                0x0000000008005d5c        0xc ./Middlewares/MotorControl/state_machine.o
                0x0000000008005d5c                STM_Init
 .text.STM_FaultProcessing
                0x0000000008005d68       0x3c ./Middlewares/MotorControl/state_machine.o
                0x0000000008005d68                STM_FaultProcessing
 .text.STM_NextState
                0x0000000008005da4       0xe8 ./Middlewares/MotorControl/state_machine.o
                0x0000000008005da4                STM_NextState
 .text.STM_GetState
                0x0000000008005e8c        0x4 ./Middlewares/MotorControl/state_machine.o
                0x0000000008005e8c                STM_GetState
 .text.STM_FaultAcknowledged
                0x0000000008005e90       0x18 ./Middlewares/MotorControl/state_machine.o
                0x0000000008005e90                STM_FaultAcknowledged
 .text.STM_GetFaultState
                0x0000000008005ea8        0xc ./Middlewares/MotorControl/state_machine.o
                0x0000000008005ea8                STM_GetFaultState
 .text.UFCP_Init
                0x0000000008005eb4        0x4 ./Middlewares/MotorControl/usart_frame_communication_protocol.o
                0x0000000008005eb4                UFCP_Init
 .text.UFCP_TX_IRQ_Handler
                0x0000000008005eb8       0x60 ./Middlewares/MotorControl/usart_frame_communication_protocol.o
                0x0000000008005eb8                UFCP_TX_IRQ_Handler
 .text.UFCP_Receive
                0x0000000008005f18       0x20 ./Middlewares/MotorControl/usart_frame_communication_protocol.o
                0x0000000008005f18                UFCP_Receive
 .text.UFCP_Send
                0x0000000008005f38       0xb0 ./Middlewares/MotorControl/usart_frame_communication_protocol.o
                0x0000000008005f38                UFCP_Send
 .text.UFCP_RX_IRQ_Handler
                0x0000000008005fe8       0xc4 ./Middlewares/MotorControl/usart_frame_communication_protocol.o
                0x0000000008005fe8                UFCP_RX_IRQ_Handler
 .text.UFCP_OVR_IRQ_Handler
                0x00000000080060ac       0x1c ./Middlewares/MotorControl/usart_frame_communication_protocol.o
                0x00000000080060ac                UFCP_OVR_IRQ_Handler
 .text.UFCP_AbortReceive
                0x00000000080060c8        0x8 ./Middlewares/MotorControl/usart_frame_communication_protocol.o
                0x00000000080060c8                UFCP_AbortReceive
 .text.RUC_SetPhaseDurationms
                0x00000000080060d0        0xc ../../MCSDK_v5.4.5/MotorControl/lib\libmc-gcc_M4_NoCCMRAM.lib(revup_ctrl.o)
                0x00000000080060d0                RUC_SetPhaseDurationms
 .text.RUC_SetPhaseFinalMecSpeedUnit
                0x00000000080060dc        0xc ../../MCSDK_v5.4.5/MotorControl/lib\libmc-gcc_M4_NoCCMRAM.lib(revup_ctrl.o)
                0x00000000080060dc                RUC_SetPhaseFinalMecSpeedUnit
 .text.RUC_SetPhaseFinalTorque
                0x00000000080060e8        0xc ../../MCSDK_v5.4.5/MotorControl/lib\libmc-gcc_M4_NoCCMRAM.lib(revup_ctrl.o)
                0x00000000080060e8                RUC_SetPhaseFinalTorque
 .text.RUC_GetPhaseDurationms
                0x00000000080060f4        0xc ../../MCSDK_v5.4.5/MotorControl/lib\libmc-gcc_M4_NoCCMRAM.lib(revup_ctrl.o)
                0x00000000080060f4                RUC_GetPhaseDurationms
 .text.RUC_GetPhaseFinalMecSpeedUnit
                0x0000000008006100       0x10 ../../MCSDK_v5.4.5/MotorControl/lib\libmc-gcc_M4_NoCCMRAM.lib(revup_ctrl.o)
                0x0000000008006100                RUC_GetPhaseFinalMecSpeedUnit
 .text.RUC_GetPhaseFinalTorque
                0x0000000008006110       0x10 ../../MCSDK_v5.4.5/MotorControl/lib\libmc-gcc_M4_NoCCMRAM.lib(revup_ctrl.o)
                0x0000000008006110                RUC_GetPhaseFinalTorque
 .text.RUC_GetNumberOfPhases
                0x0000000008006120        0x8 ../../MCSDK_v5.4.5/MotorControl/lib\libmc-gcc_M4_NoCCMRAM.lib(revup_ctrl.o)
                0x0000000008006120                RUC_GetNumberOfPhases
 .text.__libc_init_array
                0x0000000008006128       0x48 c:/st/stm32cubeide_1.6.1/stm32cubeide/plugins/com.st.stm32cube.ide.mcu.externaltools.gnu-tools-for-stm32.9-2020-q2-update.win32_2.0.0.202105311346/tools/bin/../lib/gcc/arm-none-eabi/9.3.1/../../../../arm-none-eabi/lib/thumb/v7e-m+fp/hard\libc_nano.a(lib_a-init.o)
                0x0000000008006128                __libc_init_array
 .text.memset   0x0000000008006170       0x10 c:/st/stm32cubeide_1.6.1/stm32cubeide/plugins/com.st.stm32cube.ide.mcu.externaltools.gnu-tools-for-stm32.9-2020-q2-update.win32_2.0.0.202105311346/tools/bin/../lib/gcc/arm-none-eabi/9.3.1/../../../../arm-none-eabi/lib/thumb/v7e-m+fp/hard\libc_nano.a(lib_a-memset.o)
                0x0000000008006170                memset
 *(.glue_7)
 .glue_7        0x0000000008006180        0x0 linker stubs
 *(.glue_7t)
 .glue_7t       0x0000000008006180        0x0 linker stubs
 *(.eh_frame)
 .eh_frame      0x0000000008006180        0x0 c:/st/stm32cubeide_1.6.1/stm32cubeide/plugins/com.st.stm32cube.ide.mcu.externaltools.gnu-tools-for-stm32.9-2020-q2-update.win32_2.0.0.202105311346/tools/bin/../lib/gcc/arm-none-eabi/9.3.1/thumb/v7e-m+fp/hard/crtbegin.o
 *(.init)
 .init          0x0000000008006180        0x4 c:/st/stm32cubeide_1.6.1/stm32cubeide/plugins/com.st.stm32cube.ide.mcu.externaltools.gnu-tools-for-stm32.9-2020-q2-update.win32_2.0.0.202105311346/tools/bin/../lib/gcc/arm-none-eabi/9.3.1/thumb/v7e-m+fp/hard/crti.o
                0x0000000008006180                _init
 .init          0x0000000008006184        0x8 c:/st/stm32cubeide_1.6.1/stm32cubeide/plugins/com.st.stm32cube.ide.mcu.externaltools.gnu-tools-for-stm32.9-2020-q2-update.win32_2.0.0.202105311346/tools/bin/../lib/gcc/arm-none-eabi/9.3.1/thumb/v7e-m+fp/hard/crtn.o
 *(.fini)
 .fini          0x000000000800618c        0x4 c:/st/stm32cubeide_1.6.1/stm32cubeide/plugins/com.st.stm32cube.ide.mcu.externaltools.gnu-tools-for-stm32.9-2020-q2-update.win32_2.0.0.202105311346/tools/bin/../lib/gcc/arm-none-eabi/9.3.1/thumb/v7e-m+fp/hard/crti.o
                0x000000000800618c                _fini
 .fini          0x0000000008006190        0x8 c:/st/stm32cubeide_1.6.1/stm32cubeide/plugins/com.st.stm32cube.ide.mcu.externaltools.gnu-tools-for-stm32.9-2020-q2-update.win32_2.0.0.202105311346/tools/bin/../lib/gcc/arm-none-eabi/9.3.1/thumb/v7e-m+fp/hard/crtn.o
                0x0000000008006198                . = ALIGN (0x4)
                0x0000000008006198                _etext = .

.vfp11_veneer   0x0000000008006198        0x0
 .vfp11_veneer  0x0000000008006198        0x0 linker stubs

.v4_bx          0x0000000008006198        0x0
 .v4_bx         0x0000000008006198        0x0 linker stubs

.iplt           0x0000000008006198        0x0
 .iplt          0x0000000008006198        0x0 c:/st/stm32cubeide_1.6.1/stm32cubeide/plugins/com.st.stm32cube.ide.mcu.externaltools.gnu-tools-for-stm32.9-2020-q2-update.win32_2.0.0.202105311346/tools/bin/../lib/gcc/arm-none-eabi/9.3.1/thumb/v7e-m+fp/hard/crtbegin.o

.rodata         0x0000000008006198      0x2b0
                0x0000000008006198                . = ALIGN (0x4)
 *(.rodata)
 *(.rodata*)
 .rodata.hSin_Cos_Table
                0x0000000008006198      0x200 ./Application/User/mc_math.o
                0x0000000008006198                hSin_Cos_Table
 .rodata.R3_1_ParamsM1
                0x0000000008006398       0x70 ./Application/User/mc_parameters.o
                0x0000000008006398                R3_1_ParamsM1
 .rodata.s_fwVer
                0x0000000008006408       0x20 ./Application/User/motorcontrol.o
                0x0000000008006408                s_fwVer
 .rodata.AHBPrescTable
                0x0000000008006428       0x10 ./Drivers/CMSIS/system_stm32f4xx.o
                0x0000000008006428                AHBPrescTable
 .rodata.APBPrescTable
                0x0000000008006438        0x8 ./Drivers/CMSIS/system_stm32f4xx.o
                0x0000000008006438                APBPrescTable
 .rodata.UFCP_Usart_Timeout_none
                0x0000000008006440        0x2 ./Middlewares/MotorControl/usart_frame_communication_protocol.o
 .rodata.UFCP_Usart_Timeout_start
                0x0000000008006442        0x2 ./Middlewares/MotorControl/usart_frame_communication_protocol.o
 .rodata.UFCP_Usart_Timeout_stop
                0x0000000008006444        0x2 ./Middlewares/MotorControl/usart_frame_communication_protocol.o
                0x0000000008006448                . = ALIGN (0x4)
 *fill*         0x0000000008006446        0x2 

.ARM.extab      0x0000000008006448        0x0
                0x0000000008006448                . = ALIGN (0x4)
 *(.ARM.extab* .gnu.linkonce.armextab.*)
                0x0000000008006448                . = ALIGN (0x4)

.ARM            0x0000000008006448        0x8
                0x0000000008006448                . = ALIGN (0x4)
                0x0000000008006448                __exidx_start = .
 *(.ARM.exidx*)
 .ARM.exidx     0x0000000008006448        0x8 c:/st/stm32cubeide_1.6.1/stm32cubeide/plugins/com.st.stm32cube.ide.mcu.externaltools.gnu-tools-for-stm32.9-2020-q2-update.win32_2.0.0.202105311346/tools/bin/../lib/gcc/arm-none-eabi/9.3.1/thumb/v7e-m+fp/hard\libgcc.a(_udivmoddi4.o)
                0x0000000008006450                __exidx_end = .
                0x0000000008006450                . = ALIGN (0x4)

.rel.dyn        0x0000000008006450        0x0
 .rel.iplt      0x0000000008006450        0x0 c:/st/stm32cubeide_1.6.1/stm32cubeide/plugins/com.st.stm32cube.ide.mcu.externaltools.gnu-tools-for-stm32.9-2020-q2-update.win32_2.0.0.202105311346/tools/bin/../lib/gcc/arm-none-eabi/9.3.1/thumb/v7e-m+fp/hard/crtbegin.o

.preinit_array  0x0000000008006450        0x0
                0x0000000008006450                . = ALIGN (0x4)
                0x0000000008006450                PROVIDE (__preinit_array_start = .)
 *(.preinit_array*)
                0x0000000008006450                PROVIDE (__preinit_array_end = .)
                0x0000000008006450                . = ALIGN (0x4)

.init_array     0x0000000008006450        0x4
                0x0000000008006450                . = ALIGN (0x4)
                0x0000000008006450                PROVIDE (__init_array_start = .)
 *(SORT_BY_NAME(.init_array.*))
 *(.init_array*)
 .init_array    0x0000000008006450        0x4 c:/st/stm32cubeide_1.6.1/stm32cubeide/plugins/com.st.stm32cube.ide.mcu.externaltools.gnu-tools-for-stm32.9-2020-q2-update.win32_2.0.0.202105311346/tools/bin/../lib/gcc/arm-none-eabi/9.3.1/thumb/v7e-m+fp/hard/crtbegin.o
                0x0000000008006454                PROVIDE (__init_array_end = .)
                0x0000000008006454                . = ALIGN (0x4)

.fini_array     0x0000000008006454        0x4
                0x0000000008006454                . = ALIGN (0x4)
                [!provide]                        PROVIDE (__fini_array_start = .)
 *(SORT_BY_NAME(.fini_array.*))
 *(.fini_array*)
 .fini_array    0x0000000008006454        0x4 c:/st/stm32cubeide_1.6.1/stm32cubeide/plugins/com.st.stm32cube.ide.mcu.externaltools.gnu-tools-for-stm32.9-2020-q2-update.win32_2.0.0.202105311346/tools/bin/../lib/gcc/arm-none-eabi/9.3.1/thumb/v7e-m+fp/hard/crtbegin.o
                [!provide]                        PROVIDE (__fini_array_end = .)
                0x0000000008006458                . = ALIGN (0x4)
                0x0000000008006458                _sidata = LOADADDR (.data)

.data           0x0000000020000000      0x57c load address 0x0000000008006458
                0x0000000020000000                . = ALIGN (0x4)
                0x0000000020000000                _sdata = .
 *(.data)
 *(.data*)
 .data.CircleLimitationM1
                0x0000000020000000       0xb4 ./Application/User/mc_config.o
                0x0000000020000000                CircleLimitationM1
 .data.HALL_M1  0x00000000200000b4       0xc8 ./Application/User/mc_config.o
                0x00000000200000b4                HALL_M1
 .data.PIDIdHandle_M1
                0x000000002000017c       0x2c ./Application/User/mc_config.o
                0x000000002000017c                PIDIdHandle_M1
 .data.PIDIqHandle_M1
                0x00000000200001a8       0x2c ./Application/User/mc_config.o
                0x00000000200001a8                PIDIqHandle_M1
 .data.PIDSpeedHandle_M1
                0x00000000200001d4       0x2c ./Application/User/mc_config.o
                0x00000000200001d4                PIDSpeedHandle_M1
 .data.PQD_MotorPowMeasM1
                0x0000000020000200      0x114 ./Application/User/mc_config.o
                0x0000000020000200                PQD_MotorPowMeasM1
 .data.PWM_Handle_M1
                0x0000000020000314       0x7c ./Application/User/mc_config.o
                0x0000000020000314                PWM_Handle_M1
 .data.RampExtMngrHFParamsM1
                0x0000000020000390       0x18 ./Application/User/mc_config.o
                0x0000000020000390                RampExtMngrHFParamsM1
 .data.RealBusVoltageSensorParamsM1
                0x00000000200003a8       0x28 ./Application/User/mc_config.o
                0x00000000200003a8                RealBusVoltageSensorParamsM1
 .data.SpeednTorqCtrlM1
                0x00000000200003d0       0x34 ./Application/User/mc_config.o
                0x00000000200003d0                SpeednTorqCtrlM1
 .data.TempSensorParamsM1
                0x0000000020000404       0x28 ./Application/User/mc_config.o
                0x0000000020000404                TempSensorParamsM1
 .data.pUSART   0x000000002000042c      0x13c ./Application/User/mc_config.o
                0x000000002000042c                pUSART
 .data.wConfig  0x0000000020000568        0x4 ./Application/User/motorcontrol.o
                0x0000000020000568                wConfig
 .data.SystickDividerCounter.13137
                0x000000002000056c        0x1 ./Application/User/stm32f4xx_mc_it.o
 *fill*         0x000000002000056d        0x1 
 .data.bCOMATRTimeCounter
                0x000000002000056e        0x2 ./Application/User/ui_task.o
 .data.SystemCoreClock
                0x0000000020000570        0x4 ./Drivers/CMSIS/system_stm32f4xx.o
                0x0000000020000570                SystemCoreClock
 .data.uwTickFreq
                0x0000000020000574        0x1 ./Drivers/STM32F4xx_HAL_Driver/stm32f4xx_hal.o
                0x0000000020000574                uwTickFreq
 *fill*         0x0000000020000575        0x3 
 .data.uwTickPrio
                0x0000000020000578        0x4 ./Drivers/STM32F4xx_HAL_Driver/stm32f4xx_hal.o
                0x0000000020000578                uwTickPrio
                0x000000002000057c                . = ALIGN (0x4)
                0x000000002000057c                _edata = .

.igot.plt       0x000000002000057c        0x0 load address 0x00000000080069d4
 .igot.plt      0x000000002000057c        0x0 c:/st/stm32cubeide_1.6.1/stm32cubeide/plugins/com.st.stm32cube.ide.mcu.externaltools.gnu-tools-for-stm32.9-2020-q2-update.win32_2.0.0.202105311346/tools/bin/../lib/gcc/arm-none-eabi/9.3.1/thumb/v7e-m+fp/hard/crtbegin.o
                0x000000002000057c                . = ALIGN (0x4)

.bss            0x000000002000057c      0x334 load address 0x00000000080069d4
                0x000000002000057c                _sbss = .
                0x000000002000057c                __bss_start__ = _sbss
 *(.bss)
 .bss           0x000000002000057c       0x1c c:/st/stm32cubeide_1.6.1/stm32cubeide/plugins/com.st.stm32cube.ide.mcu.externaltools.gnu-tools-for-stm32.9-2020-q2-update.win32_2.0.0.202105311346/tools/bin/../lib/gcc/arm-none-eabi/9.3.1/thumb/v7e-m+fp/hard/crtbegin.o
 *(.bss*)
 .bss.UI_Params
                0x0000000020000598       0x18 ./Application/User/mc_config.o
                0x0000000020000598                UI_Params
 .bss.bMCBootCompleted
                0x00000000200005b0        0x1 ./Application/User/mc_tasks.o
                0x00000000200005b0                bMCBootCompleted
 *fill*         0x00000000200005b1        0x1 
 .bss.hBootCapDelayCounterM1
                0x00000000200005b2        0x2 ./Application/User/mc_tasks.o
 .bss.hMFTaskCounterM1
                0x00000000200005b4        0x2 ./Application/User/mc_tasks.o
 .bss.hStopPermanencyCounterM1
                0x00000000200005b6        0x2 ./Application/User/mc_tasks.o
 .bss.MPInfo    0x00000000200005b8        0x8 ./Application/User/motor_control_protocol.o
                0x00000000200005b8                MPInfo
 .bss.bCOMTimeoutCounter
                0x00000000200005c0        0x2 ./Application/User/ui_task.o
 .bss.bUITaskCounter
                0x00000000200005c2        0x2 ./Application/User/ui_task.o
 .bss.pMCP      0x00000000200005c4        0x4 ./Application/User/ui_task.o
                0x00000000200005c4                pMCP
 *(COMMON)
 COMMON         0x00000000200005c8      0x108 ./Application/User/main.o
                0x00000000200005c8                hadc1
                0x0000000020000610                htim1
                0x0000000020000650                htim2
                0x0000000020000690                huart2
 COMMON         0x00000000200006d0       0x14 ./Application/User/mc_config.o
                0x00000000200006d0                RealBusVoltageSensorFilterBufferM1
 COMMON         0x00000000200006e4       0xd4 ./Application/User/mc_tasks.o
                0x00000000200006e4                pOCPDisabling
                0x00000000200006e8                pTemperatureSensor
                0x00000000200006ec                pwmcHandle
                0x00000000200006f0                pPIDSpeed
                0x00000000200006f4                pPIDIq
                0x00000000200006f8                oMCInterface
                0x00000000200006fc                pR_Brake
                0x0000000020000700                FOCVars
                0x0000000020000728                MCT
                0x000000002000077c                pCLM
                0x0000000020000780                pBusSensorM1
                0x0000000020000784                Mci
                0x00000000200007a0                STM
                0x00000000200007a8                pREMNG
                0x00000000200007ac                pMPM
                0x00000000200007b0                pPIDId
                0x00000000200007b4                pSTC
 COMMON         0x00000000200007b8        0x8 ./Application/User/motorcontrol.o
                0x00000000200007b8                pMCI
                0x00000000200007bc                pMCT
 COMMON         0x00000000200007c0       0x3a ./Application/User/regular_conversion_manager.o
                0x00000000200007c0                RCM_UserConvHandle
                0x00000000200007c4                RCM_CB_array
                0x00000000200007e4                RCM_UserConvState
                0x00000000200007e8                RCM_handle_array
                0x00000000200007f8                RCM_UserConvValue
 *fill*         0x00000000200007fa        0x2 
 COMMON         0x00000000200007fc       0xb0 ./Application/User/ui_task.o
                0x00000000200007fc                MCP_UI_Params
 COMMON         0x00000000200008ac        0x4 ./Drivers/STM32F4xx_HAL_Driver/stm32f4xx_hal.o
                0x00000000200008ac                uwTick
                0x00000000200008b0                . = ALIGN (0x4)
                0x00000000200008b0                _ebss = .
                0x00000000200008b0                __bss_end__ = _ebss

._user_heap_stack
                0x00000000200008b0      0x600 load address 0x00000000080069d4
                0x00000000200008b0                . = ALIGN (0x8)
                [!provide]                        PROVIDE (end = .)
                0x00000000200008b0                PROVIDE (_end = .)
                0x0000000020000ab0                . = (. + _Min_Heap_Size)
 *fill*         0x00000000200008b0      0x200 
                0x0000000020000eb0                . = (. + _Min_Stack_Size)
 *fill*         0x0000000020000ab0      0x400 
                0x0000000020000eb0                . = ALIGN (0x8)

/DISCARD/
 libc.a(*)
 libm.a(*)
 libgcc.a(*)

.ARM.attributes
                0x0000000000000000       0x30
 *(.ARM.attributes)
 .ARM.attributes
                0x0000000000000000       0x1e c:/st/stm32cubeide_1.6.1/stm32cubeide/plugins/com.st.stm32cube.ide.mcu.externaltools.gnu-tools-for-stm32.9-2020-q2-update.win32_2.0.0.202105311346/tools/bin/../lib/gcc/arm-none-eabi/9.3.1/thumb/v7e-m+fp/hard/crti.o
 .ARM.attributes
                0x000000000000001e       0x34 c:/st/stm32cubeide_1.6.1/stm32cubeide/plugins/com.st.stm32cube.ide.mcu.externaltools.gnu-tools-for-stm32.9-2020-q2-update.win32_2.0.0.202105311346/tools/bin/../lib/gcc/arm-none-eabi/9.3.1/thumb/v7e-m+fp/hard/crtbegin.o
 .ARM.attributes
                0x0000000000000052       0x21 ./Application/Startup/startup_stm32f401retx.o
 .ARM.attributes
                0x0000000000000073       0x30 ./Application/User/main.o
 .ARM.attributes
                0x00000000000000a3       0x30 ./Application/User/mc_api.o
 .ARM.attributes
                0x00000000000000d3       0x35 ./Application/User/mc_config.o
 .ARM.attributes
                0x0000000000000108       0x30 ./Application/User/mc_interface.o
 .ARM.attributes
                0x0000000000000138       0x30 ./Application/User/mc_math.o
 .ARM.attributes
                0x0000000000000168       0x35 ./Application/User/mc_parameters.o
 .ARM.attributes
                0x000000000000019d       0x30 ./Application/User/mc_tasks.o
 .ARM.attributes
                0x00000000000001cd       0x30 ./Application/User/motor_control_protocol.o
 .ARM.attributes
                0x00000000000001fd       0x30 ./Application/User/motorcontrol.o
 .ARM.attributes
                0x000000000000022d       0x30 ./Application/User/regular_conversion_manager.o
 .ARM.attributes
                0x000000000000025d       0x30 ./Application/User/stm32f4xx_hal_msp.o
 .ARM.attributes
                0x000000000000028d       0x30 ./Application/User/stm32f4xx_mc_it.o
 .ARM.attributes
                0x00000000000002bd       0x30 ./Application/User/ui_task.o
 .ARM.attributes
                0x00000000000002ed       0x30 ./Application/User/user_interface.o
 .ARM.attributes
                0x000000000000031d       0x30 ./Drivers/CMSIS/system_stm32f4xx.o
 .ARM.attributes
                0x000000000000034d       0x30 ./Drivers/STM32F4xx_HAL_Driver/stm32f4xx_hal.o
 .ARM.attributes
                0x000000000000037d       0x30 ./Drivers/STM32F4xx_HAL_Driver/stm32f4xx_hal_adc.o
 .ARM.attributes
                0x00000000000003ad       0x30 ./Drivers/STM32F4xx_HAL_Driver/stm32f4xx_hal_adc_ex.o
 .ARM.attributes
                0x00000000000003dd       0x30 ./Drivers/STM32F4xx_HAL_Driver/stm32f4xx_hal_cortex.o
 .ARM.attributes
                0x000000000000040d       0x30 ./Drivers/STM32F4xx_HAL_Driver/stm32f4xx_hal_gpio.o
 .ARM.attributes
                0x000000000000043d       0x30 ./Drivers/STM32F4xx_HAL_Driver/stm32f4xx_hal_rcc.o
 .ARM.attributes
                0x000000000000046d       0x30 ./Drivers/STM32F4xx_HAL_Driver/stm32f4xx_hal_tim.o
 .ARM.attributes
                0x000000000000049d       0x30 ./Drivers/STM32F4xx_HAL_Driver/stm32f4xx_hal_tim_ex.o
 .ARM.attributes
                0x00000000000004cd       0x30 ./Drivers/STM32F4xx_HAL_Driver/stm32f4xx_hal_uart.o
 .ARM.attributes
                0x00000000000004fd       0x30 ./Middlewares/MotorControl/bus_voltage_sensor.o
 .ARM.attributes
                0x000000000000052d       0x30 ./Middlewares/MotorControl/circle_limitation.o
 .ARM.attributes
                0x000000000000055d       0x30 ./Middlewares/MotorControl/frame_communication_protocol.o
 .ARM.attributes
                0x000000000000058d       0x30 ./Middlewares/MotorControl/hall_speed_pos_fdbk.o
 .ARM.attributes
                0x00000000000005bd       0x30 ./Middlewares/MotorControl/motor_power_measurement.o
 .ARM.attributes
                0x00000000000005ed       0x30 ./Middlewares/MotorControl/ntc_temperature_sensor.o
 .ARM.attributes
                0x000000000000061d       0x30 ./Middlewares/MotorControl/pid_regulator.o
 .ARM.attributes
                0x000000000000064d       0x30 ./Middlewares/MotorControl/pqd_motor_power_measurement.o
 .ARM.attributes
                0x000000000000067d       0x30 ./Middlewares/MotorControl/pwm_common.o
 .ARM.attributes
                0x00000000000006ad       0x30 ./Middlewares/MotorControl/pwm_curr_fdbk.o
 .ARM.attributes
                0x00000000000006dd       0x30 ./Middlewares/MotorControl/r3_1_f4xx_pwm_curr_fdbk.o
 .ARM.attributes
                0x000000000000070d       0x30 ./Middlewares/MotorControl/r_divider_bus_voltage_sensor.o
 .ARM.attributes
                0x000000000000073d       0x30 ./Middlewares/MotorControl/ramp_ext_mngr.o
 .ARM.attributes
                0x000000000000076d       0x30 ./Middlewares/MotorControl/speed_pos_fdbk.o
 .ARM.attributes
                0x000000000000079d       0x30 ./Middlewares/MotorControl/speed_torq_ctrl.o
 .ARM.attributes
                0x00000000000007cd       0x30 ./Middlewares/MotorControl/state_machine.o
 .ARM.attributes
                0x00000000000007fd       0x30 ./Middlewares/MotorControl/usart_frame_communication_protocol.o
 .ARM.attributes
                0x000000000000082d       0x35 ../../MCSDK_v5.4.5/MotorControl/lib\libmc-gcc_M4_NoCCMRAM.lib(revup_ctrl.o)
 .ARM.attributes
                0x0000000000000862       0x34 c:/st/stm32cubeide_1.6.1/stm32cubeide/plugins/com.st.stm32cube.ide.mcu.externaltools.gnu-tools-for-stm32.9-2020-q2-update.win32_2.0.0.202105311346/tools/bin/../lib/gcc/arm-none-eabi/9.3.1/../../../../arm-none-eabi/lib/thumb/v7e-m+fp/hard\libc_nano.a(lib_a-init.o)
 .ARM.attributes
                0x0000000000000896       0x34 c:/st/stm32cubeide_1.6.1/stm32cubeide/plugins/com.st.stm32cube.ide.mcu.externaltools.gnu-tools-for-stm32.9-2020-q2-update.win32_2.0.0.202105311346/tools/bin/../lib/gcc/arm-none-eabi/9.3.1/../../../../arm-none-eabi/lib/thumb/v7e-m+fp/hard\libc_nano.a(lib_a-memset.o)
 .ARM.attributes
                0x00000000000008ca       0x1e c:/st/stm32cubeide_1.6.1/stm32cubeide/plugins/com.st.stm32cube.ide.mcu.externaltools.gnu-tools-for-stm32.9-2020-q2-update.win32_2.0.0.202105311346/tools/bin/../lib/gcc/arm-none-eabi/9.3.1/thumb/v7e-m+fp/hard\libgcc.a(_aeabi_uldivmod.o)
 .ARM.attributes
                0x00000000000008e8       0x34 c:/st/stm32cubeide_1.6.1/stm32cubeide/plugins/com.st.stm32cube.ide.mcu.externaltools.gnu-tools-for-stm32.9-2020-q2-update.win32_2.0.0.202105311346/tools/bin/../lib/gcc/arm-none-eabi/9.3.1/thumb/v7e-m+fp/hard\libgcc.a(_udivmoddi4.o)
 .ARM.attributes
                0x000000000000091c       0x1e c:/st/stm32cubeide_1.6.1/stm32cubeide/plugins/com.st.stm32cube.ide.mcu.externaltools.gnu-tools-for-stm32.9-2020-q2-update.win32_2.0.0.202105311346/tools/bin/../lib/gcc/arm-none-eabi/9.3.1/thumb/v7e-m+fp/hard\libgcc.a(_dvmd_tls.o)
 .ARM.attributes
                0x000000000000093a       0x1e c:/st/stm32cubeide_1.6.1/stm32cubeide/plugins/com.st.stm32cube.ide.mcu.externaltools.gnu-tools-for-stm32.9-2020-q2-update.win32_2.0.0.202105311346/tools/bin/../lib/gcc/arm-none-eabi/9.3.1/thumb/v7e-m+fp/hard/crtn.o
OUTPUT(GENEV_GO.elf elf32-littlearm)
LOAD linker stubs
LOAD c:/st/stm32cubeide_1.6.1/stm32cubeide/plugins/com.st.stm32cube.ide.mcu.externaltools.gnu-tools-for-stm32.9-2020-q2-update.win32_2.0.0.202105311346/tools/bin/../lib/gcc/arm-none-eabi/9.3.1/../../../../arm-none-eabi/lib/thumb/v7e-m+fp/hard\libc.a
LOAD c:/st/stm32cubeide_1.6.1/stm32cubeide/plugins/com.st.stm32cube.ide.mcu.externaltools.gnu-tools-for-stm32.9-2020-q2-update.win32_2.0.0.202105311346/tools/bin/../lib/gcc/arm-none-eabi/9.3.1/../../../../arm-none-eabi/lib/thumb/v7e-m+fp/hard\libm.a
LOAD c:/st/stm32cubeide_1.6.1/stm32cubeide/plugins/com.st.stm32cube.ide.mcu.externaltools.gnu-tools-for-stm32.9-2020-q2-update.win32_2.0.0.202105311346/tools/bin/../lib/gcc/arm-none-eabi/9.3.1/thumb/v7e-m+fp/hard\libgcc.a

.debug_line     0x0000000000000000    0x2b44c
 .debug_line    0x0000000000000000       0x8c ./Application/Startup/startup_stm32f401retx.o
 .debug_line    0x000000000000008c     0x1599 ./Application/User/main.o
 .debug_line    0x0000000000001625      0xf6b ./Application/User/mc_api.o
 .debug_line    0x0000000000002590      0xcce ./Application/User/mc_config.o
 .debug_line    0x000000000000325e      0xe80 ./Application/User/mc_interface.o
 .debug_line    0x00000000000040de      0xe34 ./Application/User/mc_math.o
 .debug_line    0x0000000000004f12      0x937 ./Application/User/mc_parameters.o
 .debug_line    0x0000000000005849     0x163e ./Application/User/mc_tasks.o
 .debug_line    0x0000000000006e87     0x1241 ./Application/User/motor_control_protocol.o
 .debug_line    0x00000000000080c8      0xd33 ./Application/User/motorcontrol.o
 .debug_line    0x0000000000008dfb     0x125a ./Application/User/regular_conversion_manager.o
 .debug_line    0x000000000000a055      0xaca ./Application/User/stm32f4xx_hal_msp.o
 .debug_line    0x000000000000ab1f     0x1197 ./Application/User/stm32f4xx_mc_it.o
 .debug_line    0x000000000000bcb6      0xea7 ./Application/User/ui_task.o
 .debug_line    0x000000000000cb5d     0x149a ./Application/User/user_interface.o
 .debug_line    0x000000000000dff7      0x7e8 ./Drivers/CMSIS/system_stm32f4xx.o
 .debug_line    0x000000000000e7df      0xadb ./Drivers/STM32F4xx_HAL_Driver/stm32f4xx_hal.o
 .debug_line    0x000000000000f2ba     0x161e ./Drivers/STM32F4xx_HAL_Driver/stm32f4xx_hal_adc.o
 .debug_line    0x00000000000108d8     0x1288 ./Drivers/STM32F4xx_HAL_Driver/stm32f4xx_hal_adc_ex.o
 .debug_line    0x0000000000011b60      0xd80 ./Drivers/STM32F4xx_HAL_Driver/stm32f4xx_hal_cortex.o
 .debug_line    0x00000000000128e0      0xd46 ./Drivers/STM32F4xx_HAL_Driver/stm32f4xx_hal_gpio.o
 .debug_line    0x0000000000013626     0x1123 ./Drivers/STM32F4xx_HAL_Driver/stm32f4xx_hal_rcc.o
 .debug_line    0x0000000000014749     0x4e45 ./Drivers/STM32F4xx_HAL_Driver/stm32f4xx_hal_tim.o
 .debug_line    0x000000000001958e     0x153c ./Drivers/STM32F4xx_HAL_Driver/stm32f4xx_hal_tim_ex.o
 .debug_line    0x000000000001aaca     0x27bf ./Drivers/STM32F4xx_HAL_Driver/stm32f4xx_hal_uart.o
 .debug_line    0x000000000001d289      0x909 ./Middlewares/MotorControl/bus_voltage_sensor.o
 .debug_line    0x000000000001db92      0x908 ./Middlewares/MotorControl/circle_limitation.o
 .debug_line    0x000000000001e49a      0xcdc ./Middlewares/MotorControl/frame_communication_protocol.o
 .debug_line    0x000000000001f176     0x1787 ./Middlewares/MotorControl/hall_speed_pos_fdbk.o
 .debug_line    0x00000000000208fd      0x996 ./Middlewares/MotorControl/motor_power_measurement.o
 .debug_line    0x0000000000021293      0xa52 ./Middlewares/MotorControl/ntc_temperature_sensor.o
 .debug_line    0x0000000000021ce5      0xca5 ./Middlewares/MotorControl/pid_regulator.o
 .debug_line    0x000000000002298a      0x955 ./Middlewares/MotorControl/pqd_motor_power_measurement.o
 .debug_line    0x00000000000232df      0xa61 ./Middlewares/MotorControl/pwm_common.o
 .debug_line    0x0000000000023d40      0xe41 ./Middlewares/MotorControl/pwm_curr_fdbk.o
 .debug_line    0x0000000000024b81     0x2239 ./Middlewares/MotorControl/r3_1_f4xx_pwm_curr_fdbk.o
 .debug_line    0x0000000000026dba      0xc38 ./Middlewares/MotorControl/r_divider_bus_voltage_sensor.o
 .debug_line    0x00000000000279f2      0xac9 ./Middlewares/MotorControl/ramp_ext_mngr.o
 .debug_line    0x00000000000284bb      0xa38 ./Middlewares/MotorControl/speed_pos_fdbk.o
 .debug_line    0x0000000000028ef3      0xcee ./Middlewares/MotorControl/speed_torq_ctrl.o
 .debug_line    0x0000000000029be1      0xb03 ./Middlewares/MotorControl/state_machine.o
 .debug_line    0x000000000002a6e4      0xd68 ./Middlewares/MotorControl/usart_frame_communication_protocol.o

.debug_info     0x0000000000000000    0x43065
 .debug_info    0x0000000000000000       0x22 ./Application/Startup/startup_stm32f401retx.o
 .debug_info    0x0000000000000022     0x4d86 ./Application/User/main.o
 .debug_info    0x0000000000004da8     0x3816 ./Application/User/mc_api.o
 .debug_info    0x00000000000085be     0x32a7 ./Application/User/mc_config.o
 .debug_info    0x000000000000b865     0x126e ./Application/User/mc_interface.o
 .debug_info    0x000000000000cad3      0x732 ./Application/User/mc_math.o
 .debug_info    0x000000000000d205      0x6a8 ./Application/User/mc_parameters.o
 .debug_info    0x000000000000d8ad     0x4434 ./Application/User/mc_tasks.o
 .debug_info    0x0000000000011ce1     0x3a96 ./Application/User/motor_control_protocol.o
 .debug_info    0x0000000000015777     0x32ff ./Application/User/motorcontrol.o
 .debug_info    0x0000000000018a76     0x391b ./Application/User/regular_conversion_manager.o
 .debug_info    0x000000000001c391     0x1511 ./Application/User/stm32f4xx_hal_msp.o
 .debug_info    0x000000000001d8a2     0x398b ./Application/User/stm32f4xx_mc_it.o
 .debug_info    0x000000000002122d     0x3469 ./Application/User/ui_task.o
 .debug_info    0x0000000000024696     0x434c ./Application/User/user_interface.o
 .debug_info    0x00000000000289e2      0x5e9 ./Drivers/CMSIS/system_stm32f4xx.o
 .debug_info    0x0000000000028fcb      0xa3c ./Drivers/STM32F4xx_HAL_Driver/stm32f4xx_hal.o
 .debug_info    0x0000000000029a07      0xf70 ./Drivers/STM32F4xx_HAL_Driver/stm32f4xx_hal_adc.o
 .debug_info    0x000000000002a977      0xd7b ./Drivers/STM32F4xx_HAL_Driver/stm32f4xx_hal_adc_ex.o
 .debug_info    0x000000000002b6f2     0x10ba ./Drivers/STM32F4xx_HAL_Driver/stm32f4xx_hal_cortex.o
 .debug_info    0x000000000002c7ac      0x893 ./Drivers/STM32F4xx_HAL_Driver/stm32f4xx_hal_gpio.o
 .debug_info    0x000000000002d03f      0xbf2 ./Drivers/STM32F4xx_HAL_Driver/stm32f4xx_hal_rcc.o
 .debug_info    0x000000000002dc31     0x4877 ./Drivers/STM32F4xx_HAL_Driver/stm32f4xx_hal_tim.o
 .debug_info    0x00000000000324a8     0x1797 ./Drivers/STM32F4xx_HAL_Driver/stm32f4xx_hal_tim_ex.o
 .debug_info    0x0000000000033c3f     0x1bad ./Drivers/STM32F4xx_HAL_Driver/stm32f4xx_hal_uart.o
 .debug_info    0x00000000000357ec      0x384 ./Middlewares/MotorControl/bus_voltage_sensor.o
 .debug_info    0x0000000000035b70      0x364 ./Middlewares/MotorControl/circle_limitation.o
 .debug_info    0x0000000000035ed4     0x2cde ./Middlewares/MotorControl/frame_communication_protocol.o
 .debug_info    0x0000000000038bb2     0x1525 ./Middlewares/MotorControl/hall_speed_pos_fdbk.o
 .debug_info    0x000000000003a0d7      0x3ce ./Middlewares/MotorControl/motor_power_measurement.o
 .debug_info    0x000000000003a4a5      0x66c ./Middlewares/MotorControl/ntc_temperature_sensor.o
 .debug_info    0x000000000003ab11      0x933 ./Middlewares/MotorControl/pid_regulator.o
 .debug_info    0x000000000003b444      0x59a ./Middlewares/MotorControl/pqd_motor_power_measurement.o
 .debug_info    0x000000000003b9de      0x8ec ./Middlewares/MotorControl/pwm_common.o
 .debug_info    0x000000000003c2ca      0xc0a ./Middlewares/MotorControl/pwm_curr_fdbk.o
 .debug_info    0x000000000003ced4     0x3385 ./Middlewares/MotorControl/r3_1_f4xx_pwm_curr_fdbk.o
 .debug_info    0x0000000000040259      0x798 ./Middlewares/MotorControl/r_divider_bus_voltage_sensor.o
 .debug_info    0x00000000000409f1      0x563 ./Middlewares/MotorControl/ramp_ext_mngr.o
 .debug_info    0x0000000000040f54      0x5da ./Middlewares/MotorControl/speed_pos_fdbk.o
 .debug_info    0x000000000004152e      0xac3 ./Middlewares/MotorControl/speed_torq_ctrl.o
 .debug_info    0x0000000000041ff1      0x4f2 ./Middlewares/MotorControl/state_machine.o
 .debug_info    0x00000000000424e3      0xb82 ./Middlewares/MotorControl/usart_frame_communication_protocol.o

.debug_abbrev   0x0000000000000000     0x6945
 .debug_abbrev  0x0000000000000000       0x12 ./Application/Startup/startup_stm32f401retx.o
 .debug_abbrev  0x0000000000000012      0x3be ./Application/User/main.o
 .debug_abbrev  0x00000000000003d0      0x28a ./Application/User/mc_api.o
 .debug_abbrev  0x000000000000065a      0x1e9 ./Application/User/mc_config.o
 .debug_abbrev  0x0000000000000843      0x25f ./Application/User/mc_interface.o
 .debug_abbrev  0x0000000000000aa2      0x1ec ./Application/User/mc_math.o
 .debug_abbrev  0x0000000000000c8e      0x138 ./Application/User/mc_parameters.o
 .debug_abbrev  0x0000000000000dc6      0x423 ./Application/User/mc_tasks.o
 .debug_abbrev  0x00000000000011e9      0x34e ./Application/User/motor_control_protocol.o
 .debug_abbrev  0x0000000000001537      0x240 ./Application/User/motorcontrol.o
 .debug_abbrev  0x0000000000001777      0x3cd ./Application/User/regular_conversion_manager.o
 .debug_abbrev  0x0000000000001b44      0x25a ./Application/User/stm32f4xx_hal_msp.o
 .debug_abbrev  0x0000000000001d9e      0x357 ./Application/User/stm32f4xx_mc_it.o
 .debug_abbrev  0x00000000000020f5      0x2ef ./Application/User/ui_task.o
 .debug_abbrev  0x00000000000023e4      0x351 ./Application/User/user_interface.o
 .debug_abbrev  0x0000000000002735      0x14b ./Drivers/CMSIS/system_stm32f4xx.o
 .debug_abbrev  0x0000000000002880      0x2af ./Drivers/STM32F4xx_HAL_Driver/stm32f4xx_hal.o
 .debug_abbrev  0x0000000000002b2f      0x2bc ./Drivers/STM32F4xx_HAL_Driver/stm32f4xx_hal_adc.o
 .debug_abbrev  0x0000000000002deb      0x28d ./Drivers/STM32F4xx_HAL_Driver/stm32f4xx_hal_adc_ex.o
 .debug_abbrev  0x0000000000003078      0x389 ./Drivers/STM32F4xx_HAL_Driver/stm32f4xx_hal_cortex.o
 .debug_abbrev  0x0000000000003401      0x21d ./Drivers/STM32F4xx_HAL_Driver/stm32f4xx_hal_gpio.o
 .debug_abbrev  0x000000000000361e      0x318 ./Drivers/STM32F4xx_HAL_Driver/stm32f4xx_hal_rcc.o
 .debug_abbrev  0x0000000000003936      0x3da ./Drivers/STM32F4xx_HAL_Driver/stm32f4xx_hal_tim.o
 .debug_abbrev  0x0000000000003d10      0x349 ./Drivers/STM32F4xx_HAL_Driver/stm32f4xx_hal_tim_ex.o
 .debug_abbrev  0x0000000000004059      0x399 ./Drivers/STM32F4xx_HAL_Driver/stm32f4xx_hal_uart.o
 .debug_abbrev  0x00000000000043f2      0x13a ./Middlewares/MotorControl/bus_voltage_sensor.o
 .debug_abbrev  0x000000000000452c      0x143 ./Middlewares/MotorControl/circle_limitation.o
 .debug_abbrev  0x000000000000466f      0x274 ./Middlewares/MotorControl/frame_communication_protocol.o
 .debug_abbrev  0x00000000000048e3      0x35f ./Middlewares/MotorControl/hall_speed_pos_fdbk.o
 .debug_abbrev  0x0000000000004c42      0x198 ./Middlewares/MotorControl/motor_power_measurement.o
 .debug_abbrev  0x0000000000004dda      0x19e ./Middlewares/MotorControl/ntc_temperature_sensor.o
 .debug_abbrev  0x0000000000004f78      0x209 ./Middlewares/MotorControl/pid_regulator.o
 .debug_abbrev  0x0000000000005181      0x194 ./Middlewares/MotorControl/pqd_motor_power_measurement.o
 .debug_abbrev  0x0000000000005315      0x218 ./Middlewares/MotorControl/pwm_common.o
 .debug_abbrev  0x000000000000552d      0x2a1 ./Middlewares/MotorControl/pwm_curr_fdbk.o
 .debug_abbrev  0x00000000000057ce      0x41a ./Middlewares/MotorControl/r3_1_f4xx_pwm_curr_fdbk.o
 .debug_abbrev  0x0000000000005be8      0x229 ./Middlewares/MotorControl/r_divider_bus_voltage_sensor.o
 .debug_abbrev  0x0000000000005e11      0x203 ./Middlewares/MotorControl/ramp_ext_mngr.o
 .debug_abbrev  0x0000000000006014      0x1cd ./Middlewares/MotorControl/speed_pos_fdbk.o
 .debug_abbrev  0x00000000000061e1      0x22c ./Middlewares/MotorControl/speed_torq_ctrl.o
 .debug_abbrev  0x000000000000640d      0x1af ./Middlewares/MotorControl/state_machine.o
 .debug_abbrev  0x00000000000065bc      0x389 ./Middlewares/MotorControl/usart_frame_communication_protocol.o

.debug_aranges  0x0000000000000000     0x1518
 .debug_aranges
                0x0000000000000000       0x28 ./Application/Startup/startup_stm32f401retx.o
 .debug_aranges
                0x0000000000000028       0x30 ./Application/User/main.o
 .debug_aranges
                0x0000000000000058      0x110 ./Application/User/mc_api.o
 .debug_aranges
                0x0000000000000168       0x18 ./Application/User/mc_config.o
 .debug_aranges
                0x0000000000000180      0x130 ./Application/User/mc_interface.o
 .debug_aranges
                0x00000000000002b0       0x50 ./Application/User/mc_math.o
 .debug_aranges
                0x0000000000000300       0x18 ./Application/User/mc_parameters.o
 .debug_aranges
                0x0000000000000318       0xa8 ./Application/User/mc_tasks.o
 .debug_aranges
                0x00000000000003c0       0x60 ./Application/User/motor_control_protocol.o
 .debug_aranges
                0x0000000000000420       0x20 ./Application/User/motorcontrol.o
 .debug_aranges
                0x0000000000000440       0x50 ./Application/User/regular_conversion_manager.o
 .debug_aranges
                0x0000000000000490       0x58 ./Application/User/stm32f4xx_hal_msp.o
 .debug_aranges
                0x00000000000004e8       0x58 ./Application/User/stm32f4xx_mc_it.o
 .debug_aranges
                0x0000000000000540       0x68 ./Application/User/ui_task.o
 .debug_aranges
                0x00000000000005a8       0x80 ./Application/User/user_interface.o
 .debug_aranges
                0x0000000000000628       0x28 ./Drivers/CMSIS/system_stm32f4xx.o
 .debug_aranges
                0x0000000000000650       0xe8 ./Drivers/STM32F4xx_HAL_Driver/stm32f4xx_hal.o
 .debug_aranges
                0x0000000000000738       0xb8 ./Drivers/STM32F4xx_HAL_Driver/stm32f4xx_hal_adc.o
 .debug_aranges
                0x00000000000007f0       0x90 ./Drivers/STM32F4xx_HAL_Driver/stm32f4xx_hal_adc_ex.o
 .debug_aranges
                0x0000000000000880       0xa8 ./Drivers/STM32F4xx_HAL_Driver/stm32f4xx_hal_cortex.o
 .debug_aranges
                0x0000000000000928       0x58 ./Drivers/STM32F4xx_HAL_Driver/stm32f4xx_hal_gpio.o
 .debug_aranges
                0x0000000000000980       0x88 ./Drivers/STM32F4xx_HAL_Driver/stm32f4xx_hal_rcc.o
 .debug_aranges
                0x0000000000000a08      0x258 ./Drivers/STM32F4xx_HAL_Driver/stm32f4xx_hal_tim.o
 .debug_aranges
                0x0000000000000c60       0xf0 ./Drivers/STM32F4xx_HAL_Driver/stm32f4xx_hal_tim_ex.o
 .debug_aranges
                0x0000000000000d50      0x158 ./Drivers/STM32F4xx_HAL_Driver/stm32f4xx_hal_uart.o
 .debug_aranges
                0x0000000000000ea8       0x38 ./Middlewares/MotorControl/bus_voltage_sensor.o
 .debug_aranges
                0x0000000000000ee0       0x20 ./Middlewares/MotorControl/circle_limitation.o
 .debug_aranges
                0x0000000000000f00       0x40 ./Middlewares/MotorControl/frame_communication_protocol.o
 .debug_aranges
                0x0000000000000f40       0x50 ./Middlewares/MotorControl/hall_speed_pos_fdbk.o
 .debug_aranges
                0x0000000000000f90       0x38 ./Middlewares/MotorControl/motor_power_measurement.o
 .debug_aranges
                0x0000000000000fc8       0x50 ./Middlewares/MotorControl/ntc_temperature_sensor.o
 .debug_aranges
                0x0000000000001018       0xd0 ./Middlewares/MotorControl/pid_regulator.o
 .debug_aranges
                0x00000000000010e8       0x20 ./Middlewares/MotorControl/pqd_motor_power_measurement.o
 .debug_aranges
                0x0000000000001108       0x28 ./Middlewares/MotorControl/pwm_common.o
 .debug_aranges
                0x0000000000001130       0xd8 ./Middlewares/MotorControl/pwm_curr_fdbk.o
 .debug_aranges
                0x0000000000001208       0xc8 ./Middlewares/MotorControl/r3_1_f4xx_pwm_curr_fdbk.o
 .debug_aranges
                0x00000000000012d0       0x40 ./Middlewares/MotorControl/r_divider_bus_voltage_sensor.o
 .debug_aranges